[    0.000000] Linux version 5.15.108-1-MANJARO (builduser@fv-az315-565) (gcc (GCC) 12.2.1 20230201, GNU ld (GNU Binutils) 2.40) #1 SMP PREEMPT Thu Apr 20 11:41:14 UTC 2023
[    0.000000] Command line: BOOT_IMAGE=/boot/vmlinuz-5.15-x86_64 root=UUID=f5629690-24d8-4c30-a2f2-ca42cf3e479a rw quiet resume=UUID=1a416d7b-f813-437b-8132-f0c1d88df638 udev.log_priority=3
[    0.000000] x86/fpu: Supporting XSAVE feature 0x001: 'x87 floating point registers'
[    0.000000] x86/fpu: Supporting XSAVE feature 0x002: 'SSE registers'
[    0.000000] x86/fpu: Supporting XSAVE feature 0x004: 'AVX registers'
[    0.000000] x86/fpu: xstate_offset[2]:  576, xstate_sizes[2]:  256
[    0.000000] x86/fpu: Enabled xstate features 0x7, context size is 832 bytes, using 'compacted' format.
[    0.000000] signal: max sigframe size: 1776
[    0.000000] BIOS-provided physical RAM map:
[    0.000000] BIOS-e820: [mem 0x0000000000000000-0x000000000009ffff] usable
[    0.000000] BIOS-e820: [mem 0x00000000000a0000-0x00000000000fffff] reserved
[    0.000000] BIOS-e820: [mem 0x0000000000100000-0x0000000009bfefff] usable
[    0.000000] BIOS-e820: [mem 0x0000000009bff000-0x0000000009ffffff] reserved
[    0.000000] BIOS-e820: [mem 0x000000000a000000-0x000000000a1fffff] usable
[    0.000000] BIOS-e820: [mem 0x000000000a200000-0x000000000a20cfff] ACPI NVS
[    0.000000] BIOS-e820: [mem 0x000000000a20d000-0x00000000ab4d2fff] usable
[    0.000000] BIOS-e820: [mem 0x00000000ab4d3000-0x00000000ac9d8fff] reserved
[    0.000000] BIOS-e820: [mem 0x00000000ac9d9000-0x00000000ac9f6fff] ACPI data
[    0.000000] BIOS-e820: [mem 0x00000000ac9f7000-0x00000000ac9f7fff] reserved
[    0.000000] BIOS-e820: [mem 0x00000000ac9f8000-0x00000000aca25fff] ACPI data
[    0.000000] BIOS-e820: [mem 0x00000000aca26000-0x00000000acbd1fff] ACPI NVS
[    0.000000] BIOS-e820: [mem 0x00000000acbd2000-0x00000000ad55bfff] reserved
[    0.000000] BIOS-e820: [mem 0x00000000ad55c000-0x00000000ad5fefff] type 20
[    0.000000] BIOS-e820: [mem 0x00000000ad5ff000-0x00000000adffffff] usable
[    0.000000] BIOS-e820: [mem 0x00000000ae000000-0x00000000afffffff] reserved
[    0.000000] BIOS-e820: [mem 0x00000000f0000000-0x00000000f7ffffff] reserved
[    0.000000] BIOS-e820: [mem 0x00000000fd000000-0x00000000ffffffff] reserved
[    0.000000] BIOS-e820: [mem 0x0000000100000000-0x000000022f33ffff] usable
[    0.000000] BIOS-e820: [mem 0x000000022f340000-0x00000002701fffff] reserved
[    0.000000] NX (Execute Disable) protection: active
[    0.000000] efi: EFI v2.70 by American Megatrends
[    0.000000] efi: ACPI=0xaca25000 ACPI 2.0=0xaca25014 TPMFinalLog=0xacb8c000 SMBIOS=0xad402000 SMBIOS 3.0=0xad401000 MEMATTR=0xa7d45018 ESRT=0xa7d4bd18 
[    0.000000] SMBIOS 3.2.0 present.
[    0.000000] DMI: ASUSTeK COMPUTER INC. ASUS TUF Gaming A15 FA506IU_FA506IU/FA506IU, BIOS FA506IU.319 04/26/2022
[    0.000000] tsc: Fast TSC calibration using PIT
[    0.000000] tsc: Detected 2994.641 MHz processor
[    0.000186] e820: update [mem 0x00000000-0x00000fff] usable ==> reserved
[    0.000189] e820: remove [mem 0x000a0000-0x000fffff] usable
[    0.000196] last_pfn = 0x22f340 max_arch_pfn = 0x400000000
[    0.000435] x86/PAT: Configuration [0-7]: WB  WC  UC- UC  WB  WP  UC- WT  
[    0.000638] e820: update [mem 0xb0000000-0xffffffff] usable ==> reserved
[    0.000647] last_pfn = 0xae000 max_arch_pfn = 0x400000000
[    0.004765] esrt: Reserving ESRT space from 0x00000000a7d4bd18 to 0x00000000a7d4bd50.
[    0.004775] e820: update [mem 0xa7d4b000-0xa7d4bfff] usable ==> reserved
[    0.004808] Using GB pages for direct mapping
[    0.005251] Secure boot disabled
[    0.005252] RAMDISK: [mem 0x36e1d000-0x37705fff]
[    0.005256] ACPI: Early table checksum verification disabled
[    0.005260] ACPI: RSDP 0x00000000ACA25014 000024 (v02 _ASUS_)
[    0.005263] ACPI: XSDT 0x00000000ACA24728 0000DC (v01 _ASUS_ Notebook 01072009 AMI  01000013)
[    0.005269] ACPI: FACP 0x00000000ACA1A000 000114 (v06 _ASUS_ Notebook 01072009 AMI  00010013)
[    0.005273] ACPI: DSDT 0x00000000ACA0F000 00A0F8 (v02 _ASUS_ Notebook 01072009 INTL 20120913)
[    0.005276] ACPI: FACS 0x00000000ACB8A000 000040
[    0.005279] ACPI: SSDT 0x00000000ACA1C000 007216 (v02 AMD    AmdTable 00000002 MSFT 04000000)
[    0.005282] ACPI: IVRS 0x00000000ACA1B000 0001A4 (v02 AMD    AmdTable 00000001 AMD  00000000)
[    0.005285] ACPI: FIDT 0x00000000ACA0E000 00009C (v01 _ASUS_ Notebook 01072009 AMI  00010013)
[    0.005287] ACPI: MCFG 0x00000000ACA0D000 00003C (v01 _ASUS_ Notebook 01072009 MSFT 00010013)
[    0.005290] ACPI: HPET 0x00000000ACA0C000 000038 (v01 _ASUS_ Notebook 01072009 AMI  00000005)
[    0.005293] ACPI: VFCT 0x00000000AC9FE000 00D484 (v01 _ASUS_ Notebook 00000001 AMD  31504F47)
[    0.005296] ACPI: BGRT 0x00000000AC9FD000 000038 (v01 _ASUS_ Notebook 01072009 AMI  00010013)
[    0.005298] ACPI: TPM2 0x00000000AC9FC000 00004C (v04 _ASUS_ Notebook 00000001 AMI  00000000)
[    0.005301] ACPI: SSDT 0x00000000AC9F9000 002B80 (v01 AMD    AmdTable 00000001 AMD  00000001)
[    0.005304] ACPI: CRAT 0x00000000AC9F8000 000BA8 (v01 AMD    AmdTable 00000001 AMD  00000001)
[    0.005306] ACPI: CDIT 0x00000000AC9F6000 000029 (v01 AMD    AmdTable 00000001 AMD  00000001)
[    0.005309] ACPI: SSDT 0x00000000AC9F5000 0000B9 (v01 AMD    AmdTable 00000001 INTL 20120913)
[    0.005312] ACPI: SSDT 0x00000000AC9F4000 000D37 (v01 AMD    AmdTable 00000001 INTL 20120913)
[    0.005314] ACPI: SSDT 0x00000000AC9F2000 0010A5 (v01 AMD    AmdTable 00000001 INTL 20120913)
[    0.005317] ACPI: SSDT 0x00000000AC9F1000 000A92 (v01 AsusQO Nv18dGPU 00000001 INTL 20120913)
[    0.005320] ACPI: SSDT 0x00000000AC9ED000 0030C8 (v01 AMD    AmdTable 00000001 INTL 20120913)
[    0.005322] ACPI: WSMT 0x00000000AC9EC000 000028 (v01 _ASUS_ Notebook 01072009 AMI  00010013)
[    0.005325] ACPI: APIC 0x00000000AC9EB000 0000DE (v03 _ASUS_ Notebook 01072009 AMI  00010013)
[    0.005328] ACPI: SSDT 0x00000000AC9EA000 00007D (v01 AMD    AmdTable 00000001 INTL 20120913)
[    0.005330] ACPI: SSDT 0x00000000AC9E9000 000517 (v01 AMD    AmdTable 00000001 INTL 20120913)
[    0.005333] ACPI: SSDT 0x00000000AC9E8000 0006DB (v01 AMD    AmdTable 00000001 INTL 20120913)
[    0.005336] ACPI: FPDT 0x00000000AC9E7000 000044 (v01 _ASUS_ A M I    01072009 AMI  01000013)
[    0.005338] ACPI: Reserving FACP table memory at [mem 0xaca1a000-0xaca1a113]
[    0.005339] ACPI: Reserving DSDT table memory at [mem 0xaca0f000-0xaca190f7]
[    0.005340] ACPI: Reserving FACS table memory at [mem 0xacb8a000-0xacb8a03f]
[    0.005341] ACPI: Reserving SSDT table memory at [mem 0xaca1c000-0xaca23215]
[    0.005342] ACPI: Reserving IVRS table memory at [mem 0xaca1b000-0xaca1b1a3]
[    0.005343] ACPI: Reserving FIDT table memory at [mem 0xaca0e000-0xaca0e09b]
[    0.005344] ACPI: Reserving MCFG table memory at [mem 0xaca0d000-0xaca0d03b]
[    0.005345] ACPI: Reserving HPET table memory at [mem 0xaca0c000-0xaca0c037]
[    0.005345] ACPI: Reserving VFCT table memory at [mem 0xac9fe000-0xaca0b483]
[    0.005346] ACPI: Reserving BGRT table memory at [mem 0xac9fd000-0xac9fd037]
[    0.005347] ACPI: Reserving TPM2 table memory at [mem 0xac9fc000-0xac9fc04b]
[    0.005348] ACPI: Reserving SSDT table memory at [mem 0xac9f9000-0xac9fbb7f]
[    0.005349] ACPI: Reserving CRAT table memory at [mem 0xac9f8000-0xac9f8ba7]
[    0.005350] ACPI: Reserving CDIT table memory at [mem 0xac9f6000-0xac9f6028]
[    0.005350] ACPI: Reserving SSDT table memory at [mem 0xac9f5000-0xac9f50b8]
[    0.005351] ACPI: Reserving SSDT table memory at [mem 0xac9f4000-0xac9f4d36]
[    0.005352] ACPI: Reserving SSDT table memory at [mem 0xac9f2000-0xac9f30a4]
[    0.005353] ACPI: Reserving SSDT table memory at [mem 0xac9f1000-0xac9f1a91]
[    0.005354] ACPI: Reserving SSDT table memory at [mem 0xac9ed000-0xac9f00c7]
[    0.005355] ACPI: Reserving WSMT table memory at [mem 0xac9ec000-0xac9ec027]
[    0.005355] ACPI: Reserving APIC table memory at [mem 0xac9eb000-0xac9eb0dd]
[    0.005356] ACPI: Reserving SSDT table memory at [mem 0xac9ea000-0xac9ea07c]
[    0.005357] ACPI: Reserving SSDT table memory at [mem 0xac9e9000-0xac9e9516]
[    0.005358] ACPI: Reserving SSDT table memory at [mem 0xac9e8000-0xac9e86da]
[    0.005359] ACPI: Reserving FPDT table memory at [mem 0xac9e7000-0xac9e7043]
[    0.005410] No NUMA configuration found
[    0.005411] Faking a node at [mem 0x0000000000000000-0x000000022f33ffff]
[    0.005414] NODE_DATA(0) allocated [mem 0x22f33c000-0x22f33ffff]
[    0.005439] Zone ranges:
[    0.005440]   DMA      [mem 0x0000000000001000-0x0000000000ffffff]
[    0.005442]   DMA32    [mem 0x0000000001000000-0x00000000ffffffff]
[    0.005443]   Normal   [mem 0x0000000100000000-0x000000022f33ffff]
[    0.005444]   Device   empty
[    0.005445] Movable zone start for each node
[    0.005446] Early memory node ranges
[    0.005447]   node   0: [mem 0x0000000000001000-0x000000000009ffff]
[    0.005448]   node   0: [mem 0x0000000000100000-0x0000000009bfefff]
[    0.005449]   node   0: [mem 0x000000000a000000-0x000000000a1fffff]
[    0.005450]   node   0: [mem 0x000000000a20d000-0x00000000ab4d2fff]
[    0.005451]   node   0: [mem 0x00000000ad5ff000-0x00000000adffffff]
[    0.005452]   node   0: [mem 0x0000000100000000-0x000000022f33ffff]
[    0.005453] Initmem setup node 0 [mem 0x0000000000001000-0x000000022f33ffff]
[    0.005457] On node 0, zone DMA: 1 pages in unavailable ranges
[    0.005478] On node 0, zone DMA: 96 pages in unavailable ranges
[    0.005665] On node 0, zone DMA32: 1025 pages in unavailable ranges
[    0.011938] On node 0, zone DMA32: 13 pages in unavailable ranges
[    0.012057] On node 0, zone DMA32: 8492 pages in unavailable ranges
[    0.024204] On node 0, zone Normal: 8192 pages in unavailable ranges
[    0.024241] On node 0, zone Normal: 3264 pages in unavailable ranges
[    0.024686] ACPI: PM-Timer IO Port: 0x808
[    0.024694] ACPI: LAPIC_NMI (acpi_id[0xff] high edge lint[0x1])
[    0.024707] IOAPIC[0]: apic_id 13, version 33, address 0xfec00000, GSI 0-23
[    0.024712] IOAPIC[1]: apic_id 14, version 33, address 0xfec01000, GSI 24-55
[    0.024714] ACPI: INT_SRC_OVR (bus 0 bus_irq 0 global_irq 2 dfl dfl)
[    0.024716] ACPI: INT_SRC_OVR (bus 0 bus_irq 9 global_irq 9 low level)
[    0.024719] ACPI: Using ACPI (MADT) for SMP configuration information
[    0.024720] ACPI: HPET id: 0x10228201 base: 0xfed00000
[    0.024734] e820: update [mem 0xa9fed000-0xaa01bfff] usable ==> reserved
[    0.024746] smpboot: Allowing 16 CPUs, 4 hotplug CPUs
[    0.024767] PM: hibernation: Registered nosave memory: [mem 0x00000000-0x00000fff]
[    0.024769] PM: hibernation: Registered nosave memory: [mem 0x000a0000-0x000fffff]
[    0.024771] PM: hibernation: Registered nosave memory: [mem 0x09bff000-0x09ffffff]
[    0.024772] PM: hibernation: Registered nosave memory: [mem 0x0a200000-0x0a20cfff]
[    0.024774] PM: hibernation: Registered nosave memory: [mem 0xa7d4b000-0xa7d4bfff]
[    0.024775] PM: hibernation: Registered nosave memory: [mem 0xa9fed000-0xaa01bfff]
[    0.024777] PM: hibernation: Registered nosave memory: [mem 0xab4d3000-0xac9d8fff]
[    0.024778] PM: hibernation: Registered nosave memory: [mem 0xac9d9000-0xac9f6fff]
[    0.024778] PM: hibernation: Registered nosave memory: [mem 0xac9f7000-0xac9f7fff]
[    0.024779] PM: hibernation: Registered nosave memory: [mem 0xac9f8000-0xaca25fff]
[    0.024780] PM: hibernation: Registered nosave memory: [mem 0xaca26000-0xacbd1fff]
[    0.024781] PM: hibernation: Registered nosave memory: [mem 0xacbd2000-0xad55bfff]
[    0.024781] PM: hibernation: Registered nosave memory: [mem 0xad55c000-0xad5fefff]
[    0.024783] PM: hibernation: Registered nosave memory: [mem 0xae000000-0xafffffff]
[    0.024784] PM: hibernation: Registered nosave memory: [mem 0xb0000000-0xefffffff]
[    0.024784] PM: hibernation: Registered nosave memory: [mem 0xf0000000-0xf7ffffff]
[    0.024785] PM: hibernation: Registered nosave memory: [mem 0xf8000000-0xfcffffff]
[    0.024786] PM: hibernation: Registered nosave memory: [mem 0xfd000000-0xffffffff]
[    0.024787] [mem 0xb0000000-0xefffffff] available for PCI devices
[    0.024789] Booting paravirtualized kernel on bare hardware
[    0.024792] clocksource: refined-jiffies: mask: 0xffffffff max_cycles: 0xffffffff, max_idle_ns: 6370452778343963 ns
[    0.028958] setup_percpu: NR_CPUS:320 nr_cpumask_bits:320 nr_cpu_ids:16 nr_node_ids:1
[    0.029750] percpu: Embedded 61 pages/cpu s212992 r8192 d28672 u262144
[    0.029759] pcpu-alloc: s212992 r8192 d28672 u262144 alloc=1*2097152
[    0.029762] pcpu-alloc: [0] 00 01 02 03 04 05 06 07 [0] 08 09 10 11 12 13 14 15 
[    0.029791] Built 1 zonelists, mobility grouping on.  Total pages: 1914445
[    0.029792] Policy zone: Normal
[    0.029794] Kernel command line: BOOT_IMAGE=/boot/vmlinuz-5.15-x86_64 root=UUID=f5629690-24d8-4c30-a2f2-ca42cf3e479a rw quiet resume=UUID=1a416d7b-f813-437b-8132-f0c1d88df638 udev.log_priority=3
[    0.029855] Unknown kernel command line parameters "BOOT_IMAGE=/boot/vmlinuz-5.15-x86_64", will be passed to user space.
[    0.031092] Dentry cache hash table entries: 1048576 (order: 11, 8388608 bytes, linear)
[    0.031730] Inode-cache hash table entries: 524288 (order: 10, 4194304 bytes, linear)
[    0.032109] mem auto-init: stack:byref_all(zero), heap alloc:on, heap free:off
[    0.072339] Memory: 7452172K/7779988K available (16392K kernel code, 2085K rwdata, 10952K rodata, 2024K init, 3620K bss, 327556K reserved, 0K cma-reserved)
[    0.073210] SLUB: HWalign=64, Order=0-3, MinObjects=0, CPUs=16, Nodes=1
[    0.073244] ftrace: allocating 44513 entries in 174 pages
[    0.092337] ftrace: allocated 174 pages with 5 groups
[    0.092547] rcu: Preemptible hierarchical RCU implementation.
[    0.092548] rcu: 	RCU dyntick-idle grace-period acceleration is enabled.
[    0.092548] rcu: 	RCU restricting CPUs from NR_CPUS=320 to nr_cpu_ids=16.
[    0.092549] rcu: 	RCU priority boosting: priority 1 delay 500 ms.
[    0.092550] 	Trampoline variant of Tasks RCU enabled.
[    0.092551] 	Rude variant of Tasks RCU enabled.
[    0.092551] 	Tracing variant of Tasks RCU enabled.
[    0.092552] rcu: RCU calculated value of scheduler-enlistment delay is 30 jiffies.
[    0.092552] rcu: Adjusting geometry for rcu_fanout_leaf=16, nr_cpu_ids=16
[    0.096560] NR_IRQS: 20736, nr_irqs: 1096, preallocated irqs: 16
[    0.096819] kfence: initialized - using 2097152 bytes for 255 objects at 0x(____ptrval____)-0x(____ptrval____)
[    0.096884] Console: colour dummy device 80x25
[    0.096895] printk: console [tty0] enabled
[    0.096935] ACPI: Core revision 20210730
[    0.097149] clocksource: hpet: mask: 0xffffffff max_cycles: 0xffffffff, max_idle_ns: 133484873504 ns
[    0.097167] APIC: Switch to symmetric I/O mode setup
[    0.097996] AMD-Vi: ivrs, add hid:AMDI0020, uid:\_SB.FUR0, rdevid:160
[    0.097997] AMD-Vi: ivrs, add hid:AMDI0020, uid:\_SB.FUR1, rdevid:160
[    0.097998] AMD-Vi: ivrs, add hid:AMDI0020, uid:\_SB.FUR2, rdevid:160
[    0.097999] AMD-Vi: ivrs, add hid:AMDI0020, uid:\_SB.FUR3, rdevid:160
[    0.098270] Switched APIC routing to physical flat.
[    0.098863] ..TIMER: vector=0x30 apic1=0 pin1=2 apic2=-1 pin2=-1
[    0.113833] clocksource: tsc-early: mask: 0xffffffffffffffff max_cycles: 0x2b2a7efdc5f, max_idle_ns: 440795270619 ns
[    0.113837] Calibrating delay loop (skipped), value calculated using timer frequency.. 5991.83 BogoMIPS (lpj=9982136)
[    0.113840] pid_max: default: 32768 minimum: 301
[    0.117358] LSM: Security Framework initializing
[    0.117367] landlock: Up and running.
[    0.117368] Yama: becoming mindful.
[    0.117542] Mount-cache hash table entries: 16384 (order: 5, 131072 bytes, linear)
[    0.117576] Mountpoint-cache hash table entries: 16384 (order: 5, 131072 bytes, linear)
[    0.118187] x86/cpu: User Mode Instruction Prevention (UMIP) activated
[    0.118244] LVT offset 1 assigned for vector 0xf9
[    0.118345] LVT offset 2 assigned for vector 0xf4
[    0.118371] Last level iTLB entries: 4KB 1024, 2MB 1024, 4MB 512
[    0.118372] Last level dTLB entries: 4KB 2048, 2MB 2048, 4MB 1024, 1GB 0
[    0.118378] Spectre V1 : Mitigation: usercopy/swapgs barriers and __user pointer sanitization
[    0.118381] Spectre V2 : Mitigation: Retpolines
[    0.118382] Spectre V2 : Spectre v2 / SpectreRSB mitigation: Filling RSB on context switch
[    0.118383] Spectre V2 : Spectre v2 / SpectreRSB : Filling RSB on VMEXIT
[    0.118383] Spectre V2 : Enabling Speculation Barrier for firmware calls
[    0.118384] RETBleed: Mitigation: untrained return thunk
[    0.118385] Spectre V2 : mitigation: Enabling conditional Indirect Branch Prediction Barrier
[    0.118386] Spectre V2 : Selecting STIBP always-on mode to complement retbleed mitigation
[    0.118387] Spectre V2 : User space: Mitigation: STIBP always-on protection
[    0.118388] Speculative Store Bypass: Mitigation: Speculative Store Bypass disabled via prctl and seccomp
[    0.127029] Freeing SMP alternatives memory: 36K
[    0.234249] smpboot: CPU0: AMD Ryzen 5 4600H with Radeon Graphics (family: 0x17, model: 0x60, stepping: 0x1)
[    0.234555] Performance Events: Fam17h+ core perfctr, AMD PMU driver.
[    0.234561] ... version:                0
[    0.234562] ... bit width:              48
[    0.234562] ... generic registers:      6
[    0.234563] ... value mask:             0000ffffffffffff
[    0.234563] ... max period:             00007fffffffffff
[    0.234564] ... fixed-purpose events:   0
[    0.234564] ... event mask:             000000000000003f
[    0.234643] rcu: Hierarchical SRCU implementation.
[    0.235223] NMI watchdog: Enabled. Permanently consumes one hw-PMU counter.
[    0.235588] smp: Bringing up secondary CPUs ...
[    0.235789] x86: Booting SMP configuration:
[    0.235790] .... node  #0, CPUs:        #1
[    0.237314] Spectre V2 : Update user space SMT mitigation: STIBP always-on
[    0.237464]   #2  #3  #4  #5  #6  #7  #8  #9 #10 #11
[    0.262821] smp: Brought up 1 node, 12 CPUs
[    0.262821] smpboot: Max logical packages: 2
[    0.262821] smpboot: Total of 12 processors activated (71900.02 BogoMIPS)
[    0.264117] devtmpfs: initialized
[    0.264117] x86/mm: Memory block size: 128MB
[    0.264534] ACPI: PM: Registering ACPI NVS region [mem 0x0a200000-0x0a20cfff] (53248 bytes)
[    0.264534] ACPI: PM: Registering ACPI NVS region [mem 0xaca26000-0xacbd1fff] (1753088 bytes)
[    0.264534] clocksource: jiffies: mask: 0xffffffff max_cycles: 0xffffffff, max_idle_ns: 6370867519511994 ns
[    0.264534] futex hash table entries: 4096 (order: 6, 262144 bytes, linear)
[    0.264534] pinctrl core: initialized pinctrl subsystem
[    0.264534] PM: RTC time: 21:56:25, date: 2023-05-24
[    0.265036] NET: Registered PF_NETLINK/PF_ROUTE protocol family
[    0.265239] DMA: preallocated 1024 KiB GFP_KERNEL pool for atomic allocations
[    0.265362] DMA: preallocated 1024 KiB GFP_KERNEL|GFP_DMA pool for atomic allocations
[    0.265506] DMA: preallocated 1024 KiB GFP_KERNEL|GFP_DMA32 pool for atomic allocations
[    0.265525] audit: initializing netlink subsys (disabled)
[    0.265534] audit: type=2000 audit(1684965385.166:1): state=initialized audit_enabled=0 res=1
[    0.265534] thermal_sys: Registered thermal governor 'fair_share'
[    0.265534] thermal_sys: Registered thermal governor 'bang_bang'
[    0.265534] thermal_sys: Registered thermal governor 'step_wise'
[    0.265534] thermal_sys: Registered thermal governor 'user_space'
[    0.265534] thermal_sys: Registered thermal governor 'power_allocator'
[    0.265534] cpuidle: using governor ladder
[    0.265534] cpuidle: using governor menu
[    0.267206] HugeTLB: can free 4094 vmemmap pages for hugepages-1048576kB
[    0.267216] ACPI: bus type PCI registered
[    0.267218] acpiphp: ACPI Hot Plug PCI Controller Driver version: 0.5
[    0.267348] PCI: MMCONFIG for domain 0000 [bus 00-7f] at [mem 0xf0000000-0xf7ffffff] (base 0xf0000000)
[    0.267352] PCI: MMCONFIG at [mem 0xf0000000-0xf7ffffff] reserved in E820
[    0.267364] PCI: Using configuration type 1 for base access
[    0.268681] kprobes: kprobe jump-optimization is enabled. All kprobes are optimized if possible.
[    0.268685] HugeTLB: can free 6 vmemmap pages for hugepages-2048kB
[    0.268685] HugeTLB registered 1.00 GiB page size, pre-allocated 0 pages
[    0.268685] HugeTLB registered 2.00 MiB page size, pre-allocated 0 pages
[    0.270626] ACPI: Added _OSI(Module Device)
[    0.270627] ACPI: Added _OSI(Processor Device)
[    0.270628] ACPI: Added _OSI(3.0 _SCP Extensions)
[    0.270628] ACPI: Added _OSI(Processor Aggregator Device)
[    0.270629] ACPI: Added _OSI(Linux-Dell-Video)
[    0.270630] ACPI: Added _OSI(Linux-Lenovo-NV-HDMI-Audio)
[    0.270631] ACPI: Added _OSI(Linux-HPI-Hybrid-Graphics)
[    0.282037] ACPI BIOS Error (bug): Could not resolve symbol [\_SB.PCI0.GPP4.WLAN], AE_NOT_FOUND (20210730/dswload2-162)
[    0.282042] ACPI Error: AE_NOT_FOUND, During name lookup/catalog (20210730/psobject-220)
[    0.282044] ACPI: Skipping parse of AML opcode: Scope (0x0010)
[    0.283827] ACPI: 11 ACPI AML tables successfully acquired and loaded
[    0.284987] ACPI: [Firmware Bug]: BIOS _OSI(Linux) query ignored
[    0.286646] ACPI: EC: EC started
[    0.286647] ACPI: EC: interrupt blocked
[    0.286711] ACPI: EC: EC_CMD/EC_SC=0x66, EC_DATA=0x62
[    0.286712] ACPI: \_SB_.PCI0.SBRG.EC0_: Boot DSDT EC used to handle transactions
[    0.286714] ACPI: Interpreter enabled
[    0.286727] ACPI: PM: (supports S0 S3 S4 S5)
[    0.286728] ACPI: Using IOAPIC for interrupt routing
[    0.286909] PCI: Using host bridge windows from ACPI; if necessary, use "pci=nocrs" and report a bug
[    0.287158] ACPI: Enabled 6 GPEs in block 00 to 1F
[    0.287967] ACPI: PM: Power Resource [WRST]
[    0.288907] ACPI: PM: Power Resource [P0S0]
[    0.288928] ACPI: PM: Power Resource [P3S0]
[    0.289000] ACPI: PM: Power Resource [P0S1]
[    0.289012] ACPI: PM: Power Resource [P3S1]
[    0.289678] ACPI: PM: Power Resource [PG00]
[    0.292537] ACPI: PM: Power Resource [PRWL]
[    0.293049] ACPI: PCI Root Bridge [PCI0] (domain 0000 [bus 00-ff])
[    0.293054] acpi PNP0A08:00: _OSC: OS supports [ExtendedConfig ASPM ClockPM Segments MSI EDR HPX-Type3]
[    0.293178] acpi PNP0A08:00: _OSC: platform does not support [SHPCHotplug LTR DPC]
[    0.293294] acpi PNP0A08:00: _OSC: OS now controls [PCIeHotplug PME AER PCIeCapability]
[    0.293303] acpi PNP0A08:00: [Firmware Info]: MMCONFIG for domain 0000 [bus 00-7f] only partially covers this bridge
[    0.293578] PCI host bridge to bus 0000:00
[    0.293579] pci_bus 0000:00: root bus resource [io  0x0000-0x03af window]
[    0.293581] pci_bus 0000:00: root bus resource [io  0x03e0-0x0cf7 window]
[    0.293582] pci_bus 0000:00: root bus resource [io  0x03b0-0x03df window]
[    0.293583] pci_bus 0000:00: root bus resource [io  0x0d00-0xffff window]
[    0.293584] pci_bus 0000:00: root bus resource [mem 0x000a0000-0x000bffff window]
[    0.293585] pci_bus 0000:00: root bus resource [mem 0x000c0000-0x000dffff window]
[    0.293586] pci_bus 0000:00: root bus resource [mem 0xb0000000-0xfebfffff window]
[    0.293587] pci_bus 0000:00: root bus resource [mem 0xfee00000-0xffffffff window]
[    0.293589] pci_bus 0000:00: root bus resource [bus 00-ff]
[    0.293626] pci 0000:00:00.0: [1022:1630] type 00 class 0x060000
[    0.293740] pci 0000:00:00.2: [1022:1631] type 00 class 0x080600
[    0.293854] pci 0000:00:01.0: [1022:1632] type 00 class 0x060000
[    0.293947] pci 0000:00:01.1: [1022:1633] type 01 class 0x060400
[    0.294001] pci 0000:00:01.1: PME# supported from D0 D3hot D3cold
[    0.294112] pci 0000:00:02.0: [1022:1632] type 00 class 0x060000
[    0.294204] pci 0000:00:02.1: [1022:1634] type 01 class 0x060400
[    0.294224] pci 0000:00:02.1: enabling Extended Tags
[    0.294259] pci 0000:00:02.1: PME# supported from D0 D3hot D3cold
[    0.294376] pci 0000:00:02.2: [1022:1634] type 01 class 0x060400
[    0.294396] pci 0000:00:02.2: enabling Extended Tags
[    0.294431] pci 0000:00:02.2: PME# supported from D0 D3hot D3cold
[    0.294549] pci 0000:00:02.3: [1022:1634] type 01 class 0x060400
[    0.294569] pci 0000:00:02.3: enabling Extended Tags
[    0.294604] pci 0000:00:02.3: PME# supported from D0 D3hot D3cold
[    0.294713] pci 0000:00:02.4: [1022:1634] type 01 class 0x060400
[    0.294733] pci 0000:00:02.4: enabling Extended Tags
[    0.294767] pci 0000:00:02.4: PME# supported from D0 D3hot D3cold
[    0.294873] pci 0000:00:08.0: [1022:1632] type 00 class 0x060000
[    0.294973] pci 0000:00:08.1: [1022:1635] type 01 class 0x060400
[    0.294992] pci 0000:00:08.1: enabling Extended Tags
[    0.295018] pci 0000:00:08.1: PME# supported from D0 D3hot D3cold
[    0.295118] pci 0000:00:08.2: [1022:1635] type 01 class 0x060400
[    0.295137] pci 0000:00:08.2: enabling Extended Tags
[    0.295163] pci 0000:00:08.2: PME# supported from D0 D3hot D3cold
[    0.295285] pci 0000:00:14.0: [1022:790b] type 00 class 0x0c0500
[    0.295427] pci 0000:00:14.3: [1022:790e] type 00 class 0x060100
[    0.295569] pci 0000:00:18.0: [1022:1448] type 00 class 0x060000
[    0.295626] pci 0000:00:18.1: [1022:1449] type 00 class 0x060000
[    0.295683] pci 0000:00:18.2: [1022:144a] type 00 class 0x060000
[    0.295738] pci 0000:00:18.3: [1022:144b] type 00 class 0x060000
[    0.295810] pci 0000:00:18.4: [1022:144c] type 00 class 0x060000
[    0.295866] pci 0000:00:18.5: [1022:144d] type 00 class 0x060000
[    0.295922] pci 0000:00:18.6: [1022:144e] type 00 class 0x060000
[    0.295978] pci 0000:00:18.7: [1022:144f] type 00 class 0x060000
[    0.296121] pci 0000:01:00.0: [10de:2191] type 00 class 0x030000
[    0.296131] pci 0000:01:00.0: reg 0x10: [mem 0xfb000000-0xfbffffff]
[    0.296140] pci 0000:01:00.0: reg 0x14: [mem 0xb0000000-0xbfffffff 64bit pref]
[    0.296148] pci 0000:01:00.0: reg 0x1c: [mem 0xc0000000-0xc1ffffff 64bit pref]
[    0.296153] pci 0000:01:00.0: reg 0x24: [io  0xf000-0xf07f]
[    0.296158] pci 0000:01:00.0: reg 0x30: [mem 0xfc000000-0xfc07ffff pref]
[    0.296211] pci 0000:01:00.0: PME# supported from D0 D3hot D3cold
[    0.296275] pci 0000:01:00.0: 63.008 Gb/s available PCIe bandwidth, limited by 8.0 GT/s PCIe x8 link at 0000:00:01.1 (capable of 126.016 Gb/s with 8.0 GT/s PCIe x16 link)
[    0.296570] pci 0000:01:00.1: [10de:1aeb] type 00 class 0x040300
[    0.296580] pci 0000:01:00.1: reg 0x10: [mem 0xfc080000-0xfc083fff]
[    0.296719] pci 0000:01:00.2: [10de:1aec] type 00 class 0x0c0330
[    0.296733] pci 0000:01:00.2: reg 0x10: [mem 0xc2000000-0xc203ffff 64bit pref]
[    0.296748] pci 0000:01:00.2: reg 0x1c: [mem 0xc2040000-0xc204ffff 64bit pref]
[    0.296796] pci 0000:01:00.2: PME# supported from D0 D3hot D3cold
[    0.296878] pci 0000:01:00.3: [10de:1aed] type 00 class 0x0c8000
[    0.296888] pci 0000:01:00.3: reg 0x10: [mem 0xfc084000-0xfc084fff]
[    0.296948] pci 0000:01:00.3: PME# supported from D0 D3hot D3cold
[    0.297063] pci 0000:00:01.1: PCI bridge to [bus 01]
[    0.297066] pci 0000:00:01.1:   bridge window [io  0xf000-0xffff]
[    0.297068] pci 0000:00:01.1:   bridge window [mem 0xfb000000-0xfc0fffff]
[    0.297071] pci 0000:00:01.1:   bridge window [mem 0xb0000000-0xc20fffff 64bit pref]
[    0.297118] pci 0000:02:00.0: [10ec:8168] type 00 class 0x020000
[    0.297133] pci 0000:02:00.0: reg 0x10: [io  0xe000-0xe0ff]
[    0.297155] pci 0000:02:00.0: reg 0x18: [mem 0xfca04000-0xfca04fff 64bit]
[    0.297171] pci 0000:02:00.0: reg 0x20: [mem 0xfca00000-0xfca03fff 64bit]
[    0.297255] pci 0000:02:00.0: supports D1 D2
[    0.297256] pci 0000:02:00.0: PME# supported from D0 D1 D2 D3hot D3cold
[    0.297368] pci 0000:00:02.1: PCI bridge to [bus 02]
[    0.297371] pci 0000:00:02.1:   bridge window [io  0xe000-0xefff]
[    0.297372] pci 0000:00:02.1:   bridge window [mem 0xfca00000-0xfcafffff]
[    0.297434] pci 0000:03:00.0: [10ec:c822] type 00 class 0x028000
[    0.297452] pci 0000:03:00.0: reg 0x10: [io  0xd000-0xd0ff]
[    0.297474] pci 0000:03:00.0: reg 0x18: [mem 0xfc900000-0xfc90ffff 64bit]
[    0.297586] pci 0000:03:00.0: supports D1 D2
[    0.297587] pci 0000:03:00.0: PME# supported from D0 D1 D2 D3hot D3cold
[    0.297739] pci 0000:00:02.2: PCI bridge to [bus 03]
[    0.297742] pci 0000:00:02.2:   bridge window [io  0xd000-0xdfff]
[    0.297744] pci 0000:00:02.2:   bridge window [mem 0xfc900000-0xfc9fffff]
[    0.297884] pci 0000:04:00.0: [2646:500f] type 00 class 0x010802
[    0.297903] pci 0000:04:00.0: reg 0x10: [mem 0xfc800000-0xfc803fff 64bit]
[    0.298107] pci 0000:00:02.3: PCI bridge to [bus 04]
[    0.298111] pci 0000:00:02.3:   bridge window [mem 0xfc800000-0xfc8fffff]
[    0.298165] pci 0000:05:00.0: [1344:5404] type 00 class 0x010802
[    0.298184] pci 0000:05:00.0: reg 0x10: [mem 0xfc700000-0xfc703fff 64bit]
[    0.298382] pci 0000:00:02.4: PCI bridge to [bus 05]
[    0.298385] pci 0000:00:02.4:   bridge window [mem 0xfc700000-0xfc7fffff]
[    0.298476] pci 0000:06:00.0: [1002:1636] type 00 class 0x030000
[    0.298486] pci 0000:06:00.0: reg 0x10: [mem 0xd0000000-0xdfffffff 64bit pref]
[    0.298493] pci 0000:06:00.0: reg 0x18: [mem 0xe0000000-0xe01fffff 64bit pref]
[    0.298498] pci 0000:06:00.0: reg 0x20: [io  0xc000-0xc0ff]
[    0.298503] pci 0000:06:00.0: reg 0x24: [mem 0xfc500000-0xfc57ffff]
[    0.298510] pci 0000:06:00.0: enabling Extended Tags
[    0.298520] pci 0000:06:00.0: BAR 0: assigned to efifb
[    0.298554] pci 0000:06:00.0: PME# supported from D1 D2 D3hot D3cold
[    0.298661] pci 0000:06:00.1: [1002:1637] type 00 class 0x040300
[    0.298667] pci 0000:06:00.1: reg 0x10: [mem 0xfc5c8000-0xfc5cbfff]
[    0.298686] pci 0000:06:00.1: enabling Extended Tags
[    0.298712] pci 0000:06:00.1: PME# supported from D1 D2 D3hot D3cold
[    0.298786] pci 0000:06:00.2: [1022:15df] type 00 class 0x108000
[    0.298798] pci 0000:06:00.2: reg 0x18: [mem 0xfc400000-0xfc4fffff]
[    0.298806] pci 0000:06:00.2: reg 0x24: [mem 0xfc5cc000-0xfc5cdfff]
[    0.298813] pci 0000:06:00.2: enabling Extended Tags
[    0.298926] pci 0000:06:00.3: [1022:1639] type 00 class 0x0c0330
[    0.298935] pci 0000:06:00.3: reg 0x10: [mem 0xfc300000-0xfc3fffff 64bit]
[    0.298957] pci 0000:06:00.3: enabling Extended Tags
[    0.298984] pci 0000:06:00.3: PME# supported from D0 D3hot D3cold
[    0.299067] pci 0000:06:00.4: [1022:1639] type 00 class 0x0c0330
[    0.299077] pci 0000:06:00.4: reg 0x10: [mem 0xfc200000-0xfc2fffff 64bit]
[    0.299098] pci 0000:06:00.4: enabling Extended Tags
[    0.299126] pci 0000:06:00.4: PME# supported from D0 D3hot D3cold
[    0.299198] pci 0000:06:00.5: [1022:15e2] type 00 class 0x048000
[    0.299205] pci 0000:06:00.5: reg 0x10: [mem 0xfc580000-0xfc5bffff]
[    0.299224] pci 0000:06:00.5: enabling Extended Tags
[    0.299249] pci 0000:06:00.5: PME# supported from D0 D3hot D3cold
[    0.299319] pci 0000:06:00.6: [1022:15e3] type 00 class 0x040300
[    0.299326] pci 0000:06:00.6: reg 0x10: [mem 0xfc5c0000-0xfc5c7fff]
[    0.299345] pci 0000:06:00.6: enabling Extended Tags
[    0.299370] pci 0000:06:00.6: PME# supported from D0 D3hot D3cold
[    0.299449] pci 0000:00:08.1: PCI bridge to [bus 06]
[    0.299452] pci 0000:00:08.1:   bridge window [io  0xc000-0xcfff]
[    0.299453] pci 0000:00:08.1:   bridge window [mem 0xfc200000-0xfc5fffff]
[    0.299456] pci 0000:00:08.1:   bridge window [mem 0xd0000000-0xe01fffff 64bit pref]
[    0.299510] pci 0000:07:00.0: [1022:7901] type 00 class 0x010601
[    0.299529] pci 0000:07:00.0: reg 0x24: [mem 0xfc601000-0xfc6017ff]
[    0.299536] pci 0000:07:00.0: enabling Extended Tags
[    0.299652] pci 0000:07:00.1: [1022:7901] type 00 class 0x010601
[    0.299672] pci 0000:07:00.1: reg 0x24: [mem 0xfc600000-0xfc6007ff]
[    0.299678] pci 0000:07:00.1: enabling Extended Tags
[    0.299762] pci 0000:00:08.2: PCI bridge to [bus 07]
[    0.299766] pci 0000:00:08.2:   bridge window [mem 0xfc600000-0xfc6fffff]
[    0.300236] ACPI: PCI: Interrupt link LNKA configured for IRQ 0
[    0.300277] ACPI: PCI: Interrupt link LNKB configured for IRQ 0
[    0.300312] ACPI: PCI: Interrupt link LNKC configured for IRQ 0
[    0.300355] ACPI: PCI: Interrupt link LNKD configured for IRQ 0
[    0.300394] ACPI: PCI: Interrupt link LNKE configured for IRQ 0
[    0.300426] ACPI: PCI: Interrupt link LNKF configured for IRQ 0
[    0.300458] ACPI: PCI: Interrupt link LNKG configured for IRQ 0
[    0.300490] ACPI: PCI: Interrupt link LNKH configured for IRQ 0
[    0.301247] ACPI: EC: interrupt unblocked
[    0.301249] ACPI: EC: event unblocked
[    0.301258] ACPI: EC: EC_CMD/EC_SC=0x66, EC_DATA=0x62
[    0.301259] ACPI: EC: GPE=0x3
[    0.301260] ACPI: \_SB_.PCI0.SBRG.EC0_: Boot DSDT EC initialization complete
[    0.301261] ACPI: \_SB_.PCI0.SBRG.EC0_: EC: Used to handle transactions and events
[    0.301315] iommu: Default domain type: Translated 
[    0.301317] iommu: DMA domain TLB invalidation policy: lazy mode 
[    0.301325] pci 0000:01:00.0: vgaarb: VGA device added: decodes=io+mem,owns=none,locks=none
[    0.301325] pci 0000:06:00.0: vgaarb: VGA device added: decodes=io+mem,owns=none,locks=none
[    0.301325] pci 0000:01:00.0: vgaarb: bridge control possible
[    0.301325] pci 0000:06:00.0: vgaarb: bridge control possible
[    0.301325] pci 0000:06:00.0: vgaarb: setting as boot device
[    0.301325] vgaarb: loaded
[    0.301325] SCSI subsystem initialized
[    0.301325] libata version 3.00 loaded.
[    0.301325] ACPI: bus type USB registered
[    0.301325] usbcore: registered new interface driver usbfs
[    0.301325] usbcore: registered new interface driver hub
[    0.301325] usbcore: registered new device driver usb
[    0.301914] pps_core: LinuxPPS API ver. 1 registered
[    0.301916] pps_core: Software ver. 5.3.6 - Copyright 2005-2007 Rodolfo Giometti <giometti@linux.it>
[    0.301917] PTP clock support registered
[    0.301923] EDAC MC: Ver: 3.0.0
[    0.302012] Registered efivars operations
[    0.302012] NetLabel: Initializing
[    0.302012] NetLabel:  domain hash size = 128
[    0.302012] NetLabel:  protocols = UNLABELED CIPSOv4 CALIPSO
[    0.302012] NetLabel:  unlabeled traffic allowed by default
[    0.302012] PCI: Using ACPI for IRQ routing
[    0.307689] PCI: pci_cache_line_size set to 64 bytes
[    0.307779] Expanded resource Reserved due to conflict with PCI Bus 0000:00
[    0.307780] e820: reserve RAM buffer [mem 0x09bff000-0x0bffffff]
[    0.307782] e820: reserve RAM buffer [mem 0x0a200000-0x0bffffff]
[    0.307783] e820: reserve RAM buffer [mem 0xa7d4b000-0xa7ffffff]
[    0.307784] e820: reserve RAM buffer [mem 0xa9fed000-0xabffffff]
[    0.307785] e820: reserve RAM buffer [mem 0xab4d3000-0xabffffff]
[    0.307785] e820: reserve RAM buffer [mem 0xae000000-0xafffffff]
[    0.307786] e820: reserve RAM buffer [mem 0x22f340000-0x22fffffff]
[    0.307790] hpet0: at MMIO 0xfed00000, IRQs 2, 8, 0
[    0.307790] hpet0: 3 comparators, 32-bit 14.318180 MHz counter
[    0.309553] clocksource: Switched to clocksource tsc-early
[    0.320668] VFS: Disk quotas dquot_6.6.0
[    0.320697] VFS: Dquot-cache hash table entries: 512 (order 0, 4096 bytes)
[    0.320824] pnp: PnP ACPI init
[    0.320967] system 00:00: [mem 0xf0000000-0xf7ffffff] has been reserved
[    0.321266] system 00:03: [io  0x04d0-0x04d1] has been reserved
[    0.321268] system 00:03: [io  0x040b] has been reserved
[    0.321269] system 00:03: [io  0x04d6] has been reserved
[    0.321270] system 00:03: [io  0x0c00-0x0c01] has been reserved
[    0.321279] system 00:03: [io  0x0c14] has been reserved
[    0.321280] system 00:03: [io  0x0c50-0x0c51] has been reserved
[    0.321281] system 00:03: [io  0x0c52] has been reserved
[    0.321282] system 00:03: [io  0x0c6c] has been reserved
[    0.321283] system 00:03: [io  0x0c6f] has been reserved
[    0.321284] system 00:03: [io  0x0cd0-0x0cd1] has been reserved
[    0.321285] system 00:03: [io  0x0cd2-0x0cd3] has been reserved
[    0.321286] system 00:03: [io  0x0cd4-0x0cd5] has been reserved
[    0.321287] system 00:03: [io  0x0cd6-0x0cd7] has been reserved
[    0.321288] system 00:03: [io  0x0cd8-0x0cdf] has been reserved
[    0.321289] system 00:03: [io  0x0800-0x089f] has been reserved
[    0.321290] system 00:03: [io  0x0b00-0x0b0f] has been reserved
[    0.321291] system 00:03: [io  0x0b20-0x0b3f] has been reserved
[    0.321292] system 00:03: [io  0x0900-0x090f] has been reserved
[    0.321293] system 00:03: [io  0x0910-0x091f] has been reserved
[    0.321294] system 00:03: [mem 0xfec00000-0xfec00fff] could not be reserved
[    0.321295] system 00:03: [mem 0xfec01000-0xfec01fff] could not be reserved
[    0.321297] system 00:03: [mem 0xfedc0000-0xfedc0fff] has been reserved
[    0.321299] system 00:03: [mem 0xfee00000-0xfee00fff] has been reserved
[    0.321300] system 00:03: [mem 0xfed80000-0xfed8ffff] could not be reserved
[    0.321301] system 00:03: [mem 0xfec10000-0xfec10fff] has been reserved
[    0.321302] system 00:03: [mem 0xff000000-0xffffffff] has been reserved
[    0.321740] pnp: PnP ACPI: found 4 devices
[    0.329657] clocksource: acpi_pm: mask: 0xffffff max_cycles: 0xffffff, max_idle_ns: 2085701024 ns
[    0.329860] NET: Registered PF_INET protocol family
[    0.330074] IP idents hash table entries: 131072 (order: 8, 1048576 bytes, linear)
[    0.331791] tcp_listen_portaddr_hash hash table entries: 4096 (order: 4, 65536 bytes, linear)
[    0.331839] Table-perturb hash table entries: 65536 (order: 6, 262144 bytes, linear)
[    0.331913] TCP established hash table entries: 65536 (order: 7, 524288 bytes, linear)
[    0.332108] TCP bind hash table entries: 65536 (order: 8, 1048576 bytes, linear)
[    0.332175] TCP: Hash tables configured (established 65536 bind 65536)
[    0.332303] MPTCP token hash table entries: 8192 (order: 5, 196608 bytes, linear)
[    0.332350] UDP hash table entries: 4096 (order: 5, 131072 bytes, linear)
[    0.332378] UDP-Lite hash table entries: 4096 (order: 5, 131072 bytes, linear)
[    0.332477] NET: Registered PF_UNIX/PF_LOCAL protocol family
[    0.332490] NET: Registered PF_XDP protocol family
[    0.332510] pci 0000:00:01.1: PCI bridge to [bus 01]
[    0.332514] pci 0000:00:01.1:   bridge window [io  0xf000-0xffff]
[    0.332517] pci 0000:00:01.1:   bridge window [mem 0xfb000000-0xfc0fffff]
[    0.332519] pci 0000:00:01.1:   bridge window [mem 0xb0000000-0xc20fffff 64bit pref]
[    0.332523] pci 0000:00:02.1: PCI bridge to [bus 02]
[    0.332524] pci 0000:00:02.1:   bridge window [io  0xe000-0xefff]
[    0.332527] pci 0000:00:02.1:   bridge window [mem 0xfca00000-0xfcafffff]
[    0.332531] pci 0000:00:02.2: PCI bridge to [bus 03]
[    0.332532] pci 0000:00:02.2:   bridge window [io  0xd000-0xdfff]
[    0.332534] pci 0000:00:02.2:   bridge window [mem 0xfc900000-0xfc9fffff]
[    0.332538] pci 0000:00:02.3: PCI bridge to [bus 04]
[    0.332540] pci 0000:00:02.3:   bridge window [mem 0xfc800000-0xfc8fffff]
[    0.332544] pci 0000:00:02.4: PCI bridge to [bus 05]
[    0.332546] pci 0000:00:02.4:   bridge window [mem 0xfc700000-0xfc7fffff]
[    0.332552] pci 0000:00:08.1: PCI bridge to [bus 06]
[    0.332553] pci 0000:00:08.1:   bridge window [io  0xc000-0xcfff]
[    0.332555] pci 0000:00:08.1:   bridge window [mem 0xfc200000-0xfc5fffff]
[    0.332557] pci 0000:00:08.1:   bridge window [mem 0xd0000000-0xe01fffff 64bit pref]
[    0.332560] pci 0000:00:08.2: PCI bridge to [bus 07]
[    0.332562] pci 0000:00:08.2:   bridge window [mem 0xfc600000-0xfc6fffff]
[    0.332567] pci_bus 0000:00: resource 4 [io  0x0000-0x03af window]
[    0.332568] pci_bus 0000:00: resource 5 [io  0x03e0-0x0cf7 window]
[    0.332569] pci_bus 0000:00: resource 6 [io  0x03b0-0x03df window]
[    0.332570] pci_bus 0000:00: resource 7 [io  0x0d00-0xffff window]
[    0.332571] pci_bus 0000:00: resource 8 [mem 0x000a0000-0x000bffff window]
[    0.332572] pci_bus 0000:00: resource 9 [mem 0x000c0000-0x000dffff window]
[    0.332573] pci_bus 0000:00: resource 10 [mem 0xb0000000-0xfebfffff window]
[    0.332574] pci_bus 0000:00: resource 11 [mem 0xfee00000-0xffffffff window]
[    0.332576] pci_bus 0000:01: resource 0 [io  0xf000-0xffff]
[    0.332576] pci_bus 0000:01: resource 1 [mem 0xfb000000-0xfc0fffff]
[    0.332577] pci_bus 0000:01: resource 2 [mem 0xb0000000-0xc20fffff 64bit pref]
[    0.332579] pci_bus 0000:02: resource 0 [io  0xe000-0xefff]
[    0.332580] pci_bus 0000:02: resource 1 [mem 0xfca00000-0xfcafffff]
[    0.332581] pci_bus 0000:03: resource 0 [io  0xd000-0xdfff]
[    0.332582] pci_bus 0000:03: resource 1 [mem 0xfc900000-0xfc9fffff]
[    0.332583] pci_bus 0000:04: resource 1 [mem 0xfc800000-0xfc8fffff]
[    0.332584] pci_bus 0000:05: resource 1 [mem 0xfc700000-0xfc7fffff]
[    0.332585] pci_bus 0000:06: resource 0 [io  0xc000-0xcfff]
[    0.332586] pci_bus 0000:06: resource 1 [mem 0xfc200000-0xfc5fffff]
[    0.332587] pci_bus 0000:06: resource 2 [mem 0xd0000000-0xe01fffff 64bit pref]
[    0.332588] pci_bus 0000:07: resource 1 [mem 0xfc600000-0xfc6fffff]
[    0.332710] pci 0000:01:00.1: D0 power state depends on 0000:01:00.0
[    0.332759] pci 0000:01:00.2: D0 power state depends on 0000:01:00.0
[    0.332950] pci 0000:01:00.3: D0 power state depends on 0000:01:00.0
[    0.333017] pci 0000:06:00.1: D0 power state depends on 0000:06:00.0
[    0.333038] pci 0000:06:00.3: extending delay after power-on from D3hot to 20 msec
[    0.333127] pci 0000:06:00.4: extending delay after power-on from D3hot to 20 msec
[    0.333176] PCI: CLS 64 bytes, default 64
[    0.333186] pci 0000:00:00.2: AMD-Vi: IOMMU performance counters supported
[    0.333216] pci 0000:00:00.2: can't derive routing for PCI INT A
[    0.333217] pci 0000:00:00.2: PCI INT A: not connected
[    0.333233] pci 0000:00:01.0: Adding to iommu group 0
[    0.333240] pci 0000:00:01.1: Adding to iommu group 1
[    0.333265] pci 0000:00:02.0: Adding to iommu group 2
[    0.333272] pci 0000:00:02.1: Adding to iommu group 3
[    0.333279] pci 0000:00:02.2: Adding to iommu group 4
[    0.333285] pci 0000:00:02.3: Adding to iommu group 5
[    0.333300] pci 0000:00:02.4: Adding to iommu group 6
[    0.333312] pci 0000:00:08.0: Adding to iommu group 7
[    0.333317] pci 0000:00:08.1: Adding to iommu group 7
[    0.333320] Trying to unpack rootfs image as initramfs...
[    0.333323] pci 0000:00:08.2: Adding to iommu group 7
[    0.333333] pci 0000:00:14.0: Adding to iommu group 8
[    0.333338] pci 0000:00:14.3: Adding to iommu group 8
[    0.333368] pci 0000:00:18.0: Adding to iommu group 9
[    0.333374] pci 0000:00:18.1: Adding to iommu group 9
[    0.333380] pci 0000:00:18.2: Adding to iommu group 9
[    0.333386] pci 0000:00:18.3: Adding to iommu group 9
[    0.333400] pci 0000:00:18.4: Adding to iommu group 9
[    0.333405] pci 0000:00:18.5: Adding to iommu group 9
[    0.333411] pci 0000:00:18.6: Adding to iommu group 9
[    0.333424] pci 0000:00:18.7: Adding to iommu group 9
[    0.333438] pci 0000:01:00.0: Adding to iommu group 10
[    0.333444] pci 0000:01:00.1: Adding to iommu group 10
[    0.333458] pci 0000:01:00.2: Adding to iommu group 10
[    0.333464] pci 0000:01:00.3: Adding to iommu group 10
[    0.333471] pci 0000:02:00.0: Adding to iommu group 11
[    0.333484] pci 0000:03:00.0: Adding to iommu group 12
[    0.333491] pci 0000:04:00.0: Adding to iommu group 13
[    0.333504] pci 0000:05:00.0: Adding to iommu group 14
[    0.333511] pci 0000:06:00.0: Adding to iommu group 7
[    0.333514] pci 0000:06:00.1: Adding to iommu group 7
[    0.333524] pci 0000:06:00.2: Adding to iommu group 7
[    0.333526] pci 0000:06:00.3: Adding to iommu group 7
[    0.333529] pci 0000:06:00.4: Adding to iommu group 7
[    0.333532] pci 0000:06:00.5: Adding to iommu group 7
[    0.333535] pci 0000:06:00.6: Adding to iommu group 7
[    0.333538] pci 0000:07:00.0: Adding to iommu group 7
[    0.333541] pci 0000:07:00.1: Adding to iommu group 7
[    0.337037] pci 0000:00:00.2: AMD-Vi: Found IOMMU cap 0x40
[    0.337042] AMD-Vi: Extended features (0x206d73ef22254ade): PPR X2APIC NX GT IA GA PC GA_vAPIC
[    0.337048] AMD-Vi: Interrupt remapping enabled
[    0.337049] AMD-Vi: Virtual APIC enabled
[    0.337049] AMD-Vi: X2APIC enabled
[    0.337254] PCI-DMA: Using software bounce buffering for IO (SWIOTLB)
[    0.337256] software IO TLB: mapped [mem 0x00000000a3cea000-0x00000000a7cea000] (64MB)
[    0.337299] LVT offset 0 assigned for vector 0x400
[    0.337508] perf: AMD IBS detected (0x000003ff)
[    0.337511] perf/amd_iommu: Detected AMD IOMMU #0 (2 banks, 4 counters/bank).
[    0.340897] Initialise system trusted keyrings
[    0.340918] Key type blacklist registered
[    0.340997] workingset: timestamp_bits=41 max_order=21 bucket_order=0
[    0.342614] zbud: loaded
[    0.345420] Key type asymmetric registered
[    0.345422] Asymmetric key parser 'x509' registered
[    0.345434] Block layer SCSI generic (bsg) driver version 0.4 loaded (major 242)
[    0.345500] io scheduler mq-deadline registered
[    0.345500] io scheduler kyber registered
[    0.345561] io scheduler bfq registered
[    0.346040] pcieport 0000:00:01.1: PME: Signaling with IRQ 26
[    0.346151] pcieport 0000:00:02.1: PME: Signaling with IRQ 27
[    0.346254] pcieport 0000:00:02.2: PME: Signaling with IRQ 28
[    0.346346] pcieport 0000:00:02.3: PME: Signaling with IRQ 29
[    0.346441] pcieport 0000:00:02.4: PME: Signaling with IRQ 30
[    0.346533] pcieport 0000:00:08.1: PME: Signaling with IRQ 31
[    0.346697] pcieport 0000:00:08.2: PME: Signaling with IRQ 32
[    0.346807] shpchp: Standard Hot Plug PCI Controller Driver version: 0.4
[    0.347373] ACPI: AC: AC Adapter [ACAD] (off-line)
[    0.347413] input: Power Button as /devices/LNXSYSTM:00/LNXSYBUS:00/PNP0C0C:00/input/input0
[    0.347460] ACPI: button: Power Button [PWRB]
[    0.347502] input: Sleep Button as /devices/LNXSYSTM:00/LNXSYBUS:00/PNP0C0E:00/input/input1
[    0.347517] ACPI: button: Sleep Button [SLPB]
[    0.347540] input: Lid Switch as /devices/LNXSYSTM:00/LNXSYBUS:00/PNP0C0D:00/input/input2
[    0.348093] ACPI: button: Lid Switch [LID0]
[    0.348150] input: Power Button as /devices/LNXSYSTM:00/LNXPWRBN:00/input/input3
[    0.348240] ACPI: button: Power Button [PWRF]
[    0.348274] Monitor-Mwait will be used to enter C-1 state
[    0.348277] ACPI: \_SB_.PLTF.P000: Found 3 idle states
[    0.348282] ACPI: FW issue: working around C-state latencies out of order
[    0.348367] ACPI: \_SB_.PLTF.P001: Found 3 idle states
[    0.348372] ACPI: FW issue: working around C-state latencies out of order
[    0.348468] ACPI: \_SB_.PLTF.P002: Found 3 idle states
[    0.348472] ACPI: FW issue: working around C-state latencies out of order
[    0.348600] ACPI: \_SB_.PLTF.P003: Found 3 idle states
[    0.348605] ACPI: FW issue: working around C-state latencies out of order
[    0.348761] ACPI: \_SB_.PLTF.P004: Found 3 idle states
[    0.348766] ACPI: FW issue: working around C-state latencies out of order
[    0.348969] ACPI: \_SB_.PLTF.P005: Found 3 idle states
[    0.348974] ACPI: FW issue: working around C-state latencies out of order
[    0.349129] ACPI: \_SB_.PLTF.P006: Found 3 idle states
[    0.349134] ACPI: FW issue: working around C-state latencies out of order
[    0.349332] ACPI: \_SB_.PLTF.P007: Found 3 idle states
[    0.349339] ACPI: FW issue: working around C-state latencies out of order
[    0.349547] ACPI: \_SB_.PLTF.P008: Found 3 idle states
[    0.349553] ACPI: FW issue: working around C-state latencies out of order
[    0.349801] ACPI: \_SB_.PLTF.P009: Found 3 idle states
[    0.349807] ACPI: FW issue: working around C-state latencies out of order
[    0.349909] ACPI: \_SB_.PLTF.P00A: Found 3 idle states
[    0.349914] ACPI: FW issue: working around C-state latencies out of order
[    0.350089] ACPI: \_SB_.PLTF.P00B: Found 3 idle states
[    0.350095] ACPI: FW issue: working around C-state latencies out of order
[    0.350412] ACPI: \_TZ_.THRM: Invalid passive threshold
[    0.350432] ACPI: \_TZ_.THRM: Invalid active0 threshold
[    0.350474] ACPI BIOS Error (bug): Could not resolve symbol [\_TZ.THRM._SCP.CTYP], AE_NOT_FOUND (20210730/psargs-330)
[    0.350478] ACPI Error: Aborting method \_TZ.THRM._SCP due to previous error (AE_NOT_FOUND) (20210730/psparse-529)
[    0.350548] thermal LNXTHERM:00: registered as thermal_zone0
[    0.350549] ACPI: thermal: Thermal Zone [THRM] (28 C)
[    0.350712] Serial: 8250/16550 driver, 32 ports, IRQ sharing enabled
[    0.351563] ACPI: battery: Slot [BAT1] (battery present)
[    0.351986] Non-volatile memory driver v1.3
[    0.351988] Linux agpgart interface v0.103
[    0.352025] AMD-Vi: AMD IOMMUv2 loaded and initialized
[    0.353106] nvme 0000:04:00.0: platform quirk: setting simple suspend
[    0.353136] nvme nvme0: pci function 0000:04:00.0
[    0.353149] nvme 0000:05:00.0: platform quirk: setting simple suspend
[    0.353189] nvme nvme1: pci function 0000:05:00.0
[    0.353236] ahci 0000:07:00.0: version 3.0
[    0.353247] ahci 0000:07:00.0: enabling device (0000 -> 0002)
[    0.353408] ahci 0000:07:00.0: AHCI 0001.0301 32 slots 1 ports 6 Gbps 0x1 impl SATA mode
[    0.353410] ahci 0000:07:00.0: flags: 64bit ncq sntf ilck pm led clo only pmp fbs pio slum part 
[    0.353652] scsi host0: ahci
[    0.353728] ata1: SATA max UDMA/133 abar m2048@0xfc601000 port 0xfc601100 irq 36
[    0.353742] ahci 0000:07:00.1: enabling device (0000 -> 0002)
[    0.353837] ahci 0000:07:00.1: AHCI 0001.0301 32 slots 1 ports 6 Gbps 0x1 impl SATA mode
[    0.353840] ahci 0000:07:00.1: flags: 64bit ncq sntf ilck pm led clo only pmp fbs pio slum part 
[    0.354004] scsi host1: ahci
[    0.354050] ata2: SATA max UDMA/133 abar m2048@0xfc600000 port 0xfc600100 irq 40
[    0.354082] ehci_hcd: USB 2.0 'Enhanced' Host Controller (EHCI) Driver
[    0.354088] ehci-pci: EHCI PCI platform driver
[    0.354117] ohci_hcd: USB 1.1 'Open' Host Controller (OHCI) Driver
[    0.354127] ohci-pci: OHCI PCI platform driver
[    0.354133] uhci_hcd: USB Universal Host Controller Interface driver
[    0.354179] usbcore: registered new interface driver usbserial_generic
[    0.354183] usbserial: USB Serial support registered for generic
[    0.354273] rtc_cmos 00:01: RTC can wake from S4
[    0.354489] rtc_cmos 00:01: registered as rtc0
[    0.354517] rtc_cmos 00:01: setting system clock to 2023-05-24T21:56:25 UTC (1684965385)
[    0.354539] rtc_cmos 00:01: alarms up to one month, y3k, 114 bytes nvram, hpet irqs
[    0.354713] ledtrig-cpu: registered to indicate activity on CPUs
[    0.354906] efifb: probing for efifb
[    0.354916] efifb: showing boot graphics
[    0.356091] efifb: framebuffer at 0xd0000000, using 8128k, total 8128k
[    0.356092] efifb: mode is 1920x1080x32, linelength=7680, pages=1
[    0.356093] efifb: scrolling: redraw
[    0.356094] efifb: Truecolor: size=8:8:8:8, shift=24:16:8:0
[    0.356139] fbcon: Deferring console take-over
[    0.356140] fb0: EFI VGA frame buffer device
[    0.356155] hid: raw HID events driver (C) Jiri Kosina
[    0.356257] ashmem: initialized
[    0.356315] drop_monitor: Initializing network drop monitor service
[    0.356376] Initializing XFRM netlink socket
[    0.356560] NET: Registered PF_INET6 protocol family
[    0.376000] nvme nvme1: 15/0/0 default/read/poll queues
[    0.382451] nvme nvme0: allocated 64 MiB host memory buffer.
[    0.384370]  nvme1n1: p1 p2 p3 p4 p5
[    0.397325] nvme nvme0: 8/0/0 default/read/poll queues
[    0.404270]  nvme0n1: p1 p2 p3 p4 p5
[    0.429291] Freeing initrd memory: 9124K
[    0.435550] Segment Routing with IPv6
[    0.435553] RPL Segment Routing with IPv6
[    0.435593] In-situ OAM (IOAM) with IPv6
[    0.435631] NET: Registered PF_PACKET protocol family
[    0.437004] microcode: CPU0: patch_level=0x08600104
[    0.437011] microcode: CPU1: patch_level=0x08600104
[    0.437031] microcode: CPU2: patch_level=0x08600104
[    0.437041] microcode: CPU3: patch_level=0x08600104
[    0.437057] microcode: CPU4: patch_level=0x08600104
[    0.437074] microcode: CPU5: patch_level=0x08600104
[    0.437078] microcode: CPU6: patch_level=0x08600104
[    0.437087] microcode: CPU7: patch_level=0x08600104
[    0.437102] microcode: CPU8: patch_level=0x08600104
[    0.437109] microcode: CPU9: patch_level=0x08600104
[    0.437129] microcode: CPU10: patch_level=0x08600104
[    0.437139] microcode: CPU11: patch_level=0x08600104
[    0.437145] microcode: Microcode Update Driver: v2.2.
[    0.437365] resctrl: L3 allocation detected
[    0.437367] resctrl: MB allocation detected
[    0.437368] resctrl: L3 monitoring detected
[    0.437373] IPI shorthand broadcast: enabled
[    0.437411] sched_clock: Marking stable (436946020, 407584)->(440815053, -3461449)
[    0.438149] registered taskstats version 1
[    0.438417] Loading compiled-in X.509 certificates
[    0.440853] Loaded X.509 cert 'Build time autogenerated kernel key: aa52b3c774f6ecd1b2cfe06f4638214570c19bcb'
[    0.444622] zswap: loaded using pool zstd/z3fold
[    0.445339] Key type .fscrypt registered
[    0.445341] Key type fscrypt-provisioning registered
[    0.445980] PM:   Magic number: 7:916:955
[    0.446067] memory memory8: hash matches
[    0.446269] RAS: Correctable Errors collector initialized.
[    0.970337] ata1: SATA link down (SStatus 0 SControl 300)
[    0.971985] ata2: SATA link down (SStatus 0 SControl 300)
[    0.974161] Freeing unused decrypted memory: 2036K
[    0.974530] Freeing unused kernel image (initmem) memory: 2024K
[    0.985348] Write protecting the kernel read-only data: 30720k
[    0.986161] Freeing unused kernel image (text/rodata gap) memory: 2036K
[    0.986531] Freeing unused kernel image (rodata/data gap) memory: 1336K
[    1.028605] x86/mm: Checked W+X mappings: passed, no W+X pages found.
[    1.028613] rodata_test: all tests were successful
[    1.028623] Run /init as init process
[    1.028625]   with arguments:
[    1.028627]     /init
[    1.028628]   with environment:
[    1.028629]     HOME=/
[    1.028629]     TERM=linux
[    1.028630]     BOOT_IMAGE=/boot/vmlinuz-5.15-x86_64
[    1.158740] xhci_hcd 0000:01:00.2: xHCI Host Controller
[    1.158752] xhci_hcd 0000:01:00.2: new USB bus registered, assigned bus number 1
[    1.159381] xhci_hcd 0000:01:00.2: hcc params 0x0180ff05 hci version 0x110 quirks 0x0000000000000010
[    1.159694] xhci_hcd 0000:01:00.2: xHCI Host Controller
[    1.159700] xhci_hcd 0000:01:00.2: new USB bus registered, assigned bus number 2
[    1.159703] xhci_hcd 0000:01:00.2: Host supports USB 3.1 Enhanced SuperSpeed
[    1.159763] usb usb1: New USB device found, idVendor=1d6b, idProduct=0002, bcdDevice= 5.15
[    1.159767] usb usb1: New USB device strings: Mfr=3, Product=2, SerialNumber=1
[    1.159770] usb usb1: Product: xHCI Host Controller
[    1.159772] usb usb1: Manufacturer: Linux 5.15.108-1-MANJARO xhci-hcd
[    1.159774] usb usb1: SerialNumber: 0000:01:00.2
[    1.159970] hub 1-0:1.0: USB hub found
[    1.159980] hub 1-0:1.0: 2 ports detected
[    1.160425] usb usb2: We don't know the algorithms for LPM for this host, disabling LPM.
[    1.160456] usb usb2: New USB device found, idVendor=1d6b, idProduct=0003, bcdDevice= 5.15
[    1.160460] usb usb2: New USB device strings: Mfr=3, Product=2, SerialNumber=1
[    1.160462] usb usb2: Product: xHCI Host Controller
[    1.160465] usb usb2: Manufacturer: Linux 5.15.108-1-MANJARO xhci-hcd
[    1.160467] usb usb2: SerialNumber: 0000:01:00.2
[    1.160653] hub 2-0:1.0: USB hub found
[    1.160667] hub 2-0:1.0: 4 ports detected
[    1.161444] xhci_hcd 0000:06:00.3: xHCI Host Controller
[    1.161450] xhci_hcd 0000:06:00.3: new USB bus registered, assigned bus number 3
[    1.161543] xhci_hcd 0000:06:00.3: hcc params 0x0268ffe5 hci version 0x110 quirks 0x0000020000000410
[    1.162070] xhci_hcd 0000:06:00.3: xHCI Host Controller
[    1.162072] xhci_hcd 0000:06:00.3: new USB bus registered, assigned bus number 4
[    1.162075] xhci_hcd 0000:06:00.3: Host supports USB 3.1 Enhanced SuperSpeed
[    1.162338] usb usb3: New USB device found, idVendor=1d6b, idProduct=0002, bcdDevice= 5.15
[    1.162341] usb usb3: New USB device strings: Mfr=3, Product=2, SerialNumber=1
[    1.162343] usb usb3: Product: xHCI Host Controller
[    1.162345] usb usb3: Manufacturer: Linux 5.15.108-1-MANJARO xhci-hcd
[    1.162346] usb usb3: SerialNumber: 0000:06:00.3
[    1.162524] hub 3-0:1.0: USB hub found
[    1.162533] hub 3-0:1.0: 4 ports detected
[    1.163108] usb usb4: We don't know the algorithms for LPM for this host, disabling LPM.
[    1.163130] usb usb4: New USB device found, idVendor=1d6b, idProduct=0003, bcdDevice= 5.15
[    1.163132] usb usb4: New USB device strings: Mfr=3, Product=2, SerialNumber=1
[    1.163134] usb usb4: Product: xHCI Host Controller
[    1.163135] usb usb4: Manufacturer: Linux 5.15.108-1-MANJARO xhci-hcd
[    1.163137] usb usb4: SerialNumber: 0000:06:00.3
[    1.163277] hub 4-0:1.0: USB hub found
[    1.163283] hub 4-0:1.0: 2 ports detected
[    1.163688] xhci_hcd 0000:06:00.4: xHCI Host Controller
[    1.163692] xhci_hcd 0000:06:00.4: new USB bus registered, assigned bus number 5
[    1.163778] xhci_hcd 0000:06:00.4: hcc params 0x0268ffe5 hci version 0x110 quirks 0x0000020000000410
[    1.164277] xhci_hcd 0000:06:00.4: xHCI Host Controller
[    1.164280] xhci_hcd 0000:06:00.4: new USB bus registered, assigned bus number 6
[    1.164282] xhci_hcd 0000:06:00.4: Host supports USB 3.1 Enhanced SuperSpeed
[    1.164312] usb usb5: New USB device found, idVendor=1d6b, idProduct=0002, bcdDevice= 5.15
[    1.164315] usb usb5: New USB device strings: Mfr=3, Product=2, SerialNumber=1
[    1.164317] usb usb5: Product: xHCI Host Controller
[    1.164318] usb usb5: Manufacturer: Linux 5.15.108-1-MANJARO xhci-hcd
[    1.164319] usb usb5: SerialNumber: 0000:06:00.4
[    1.164475] hub 5-0:1.0: USB hub found
[    1.164482] hub 5-0:1.0: 4 ports detected
[    1.164933] i8042: PNP: PS/2 Controller [PNP0303:PS2K] at 0x60,0x64 irq 1
[    1.164937] i8042: PNP: PS/2 appears to have AUX port disabled, if this is incorrect please boot with i8042.nopnp
[    1.165017] usb usb6: We don't know the algorithms for LPM for this host, disabling LPM.
[    1.165072] usb usb6: New USB device found, idVendor=1d6b, idProduct=0003, bcdDevice= 5.15
[    1.165074] usb usb6: New USB device strings: Mfr=3, Product=2, SerialNumber=1
[    1.165075] usb usb6: Product: xHCI Host Controller
[    1.165076] usb usb6: Manufacturer: Linux 5.15.108-1-MANJARO xhci-hcd
[    1.165078] usb usb6: SerialNumber: 0000:06:00.4
[    1.165194] hub 6-0:1.0: USB hub found
[    1.165200] hub 6-0:1.0: 2 ports detected
[    1.166782] serio: i8042 KBD port at 0x60,0x64 irq 1
[    1.186880] input: AT Translated Set 2 keyboard as /devices/platform/i8042/serio0/input/input4
[    1.195900] PM: Image not found (code -22)
[    1.210748] fbcon: Taking over console
[    1.210898] Console: switching to colour frame buffer device 240x67
[    1.295159] EXT4-fs (nvme0n1p4): mounted filesystem with ordered data mode. Opts: (null). Quota mode: none.
[    1.405291] systemd[1]: RTC configured in localtime, applying delta of 180 minutes to system time.
[    1.410455] usb 3-2: new full-speed USB device number 2 using xhci_hcd
[    1.413595] usb 5-1: new full-speed USB device number 2 using xhci_hcd
[    1.437203] clocksource: tsc: mask: 0xffffffffffffffff max_cycles: 0x2b2a7efdc5f, max_idle_ns: 440795270619 ns
[    1.437273] clocksource: Switched to clocksource tsc
[    1.461946] systemd[1]: systemd 252.9-1-manjaro running in system mode (+PAM +AUDIT -SELINUX -APPARMOR -IMA +SMACK +SECCOMP +GCRYPT +GNUTLS +OPENSSL +ACL +BLKID +CURL +ELFUTILS +FIDO2 +IDN2 -IDN +IPTC +KMOD +LIBCRYPTSETUP +LIBFDISK +PCRE2 -PWQUALITY +P11KIT -QRENCODE +TPM2 +BZIP2 +LZ4 +XZ +ZLIB +ZSTD +BPF_FRAMEWORK +XKBCOMMON +UTMP -SYSVINIT default-hierarchy=unified)
[    1.461953] systemd[1]: Detected architecture x86-64.
[    1.463205] systemd[1]: Hostname set to <django-asustufgaminga15fa506iufa506iu>.
[    1.509814] systemd[1]: bpf-lsm: BPF LSM hook not enabled in the kernel, BPF LSM not supported
[    1.594117] usb 3-2: New USB device found, idVendor=2717, idProduct=5001, bcdDevice= 1.00
[    1.594127] usb 3-2: New USB device strings: Mfr=1, Product=2, SerialNumber=0
[    1.594131] usb 3-2: Product: MI wireless mouse
[    1.594134] usb 3-2: Manufacturer: GTech
[    1.596330] usb 5-1: New USB device found, idVendor=13d3, idProduct=3548, bcdDevice= 0.00
[    1.596335] usb 5-1: New USB device strings: Mfr=1, Product=2, SerialNumber=3
[    1.596337] usb 5-1: Product: Bluetooth Radio
[    1.596338] usb 5-1: Manufacturer: Realtek
[    1.596340] usb 5-1: SerialNumber: 00e04c000001
[    1.720517] usb 3-4: new high-speed USB device number 3 using xhci_hcd
[    1.721940] systemd[1]: Queued start job for default target Graphical Interface.
[    1.724249] systemd[1]: Created slice Slice /system/getty.
[    1.724567] systemd[1]: Created slice Slice /system/modprobe.
[    1.724931] systemd[1]: Created slice Slice /system/systemd-fsck.
[    1.725159] systemd[1]: Created slice User and Session Slice.
[    1.725235] systemd[1]: Started Dispatch Password Requests to Console Directory Watch.
[    1.725290] systemd[1]: Started Forward Password Requests to Wall Directory Watch.
[    1.725444] systemd[1]: Set up automount Arbitrary Executable File Formats File System Automount Point.
[    1.725490] systemd[1]: Reached target Local Encrypted Volumes.
[    1.725511] systemd[1]: Reached target Login Prompts.
[    1.725534] systemd[1]: Reached target Local Integrity Protected Volumes.
[    1.725562] systemd[1]: Reached target Remote File Systems.
[    1.725589] systemd[1]: Reached target Slice Units.
[    1.725619] systemd[1]: Reached target Local Verity Protected Volumes.
[    1.725690] systemd[1]: Listening on Device-mapper event daemon FIFOs.
[    1.726311] systemd[1]: Listening on LVM2 poll daemon socket.
[    1.727943] systemd[1]: Listening on Process Core Dump Socket.
[    1.728107] systemd[1]: Listening on Journal Audit Socket.
[    1.728208] systemd[1]: Listening on Journal Socket (/dev/log).
[    1.728312] systemd[1]: Listening on Journal Socket.
[    1.728585] systemd[1]: Listening on udev Control Socket.
[    1.728688] systemd[1]: Listening on udev Kernel Socket.
[    1.729610] systemd[1]: Mounting Huge Pages File System...
[    1.730614] systemd[1]: Mounting POSIX Message Queue File System...
[    1.731593] systemd[1]: Mounting Kernel Debug File System...
[    1.732423] systemd[1]: Mounting Kernel Trace File System...
[    1.733648] systemd[1]: Starting Create List of Static Device Nodes...
[    1.734595] systemd[1]: Starting Monitoring of LVM2 mirrors, snapshots etc. using dmeventd or progress polling...
[    1.735611] systemd[1]: Starting Load Kernel Module configfs...
[    1.736540] systemd[1]: Starting Load Kernel Module dm_mod...
[    1.737430] systemd[1]: Starting Load Kernel Module drm...
[    1.738493] systemd[1]: Starting Load Kernel Module fuse...
[    1.739433] systemd[1]: Starting Load Kernel Module loop...
[    1.739506] systemd[1]: File System Check on Root Device was skipped because of an unmet condition check (ConditionPathIsReadWrite=!/).
[    1.740939] systemd[1]: Starting Load Kernel Modules...
[    1.741926] systemd[1]: Starting Remount Root and Kernel File Systems...
[    1.742868] systemd[1]: Starting Coldplug All udev Devices...
[    1.744226] systemd[1]: Mounted Huge Pages File System.
[    1.744309] systemd[1]: Mounted POSIX Message Queue File System.
[    1.744380] systemd[1]: Mounted Kernel Debug File System.
[    1.744438] systemd[1]: Mounted Kernel Trace File System.
[    1.744619] systemd[1]: Finished Create List of Static Device Nodes.
[    1.744874] systemd[1]: modprobe@configfs.service: Deactivated successfully.
[    1.744986] systemd[1]: Finished Load Kernel Module configfs.
[    1.745208] systemd[1]: modprobe@drm.service: Deactivated successfully.
[    1.745307] systemd[1]: Finished Load Kernel Module drm.
[    1.746340] systemd[1]: Mounting Kernel Configuration File System...
[    1.748462] EXT4-fs (nvme0n1p4): re-mounted. Opts: (null). Quota mode: none.
[    1.748955] random: lvm: uninitialized urandom read (4 bytes read)
[    1.749445] systemd[1]: Finished Remount Root and Kernel File Systems.
[    1.749639] systemd[1]: Mounted Kernel Configuration File System.
[    1.749733] systemd[1]: First Boot Wizard was skipped because of an unmet condition check (ConditionFirstBoot=yes).
[    1.750105] systemd[1]: Rebuild Hardware Database was skipped because of an unmet condition check (ConditionNeedsUpdate=/etc).
[    1.751424] systemd[1]: Starting Load/Save Random Seed...
[    1.751519] systemd[1]: Create System Users was skipped because no trigger condition checks were met.
[    1.753114] systemd[1]: Starting Create Static Device Nodes in /dev...
[    1.753277] loop: module loaded
[    1.753880] systemd[1]: modprobe@loop.service: Deactivated successfully.
[    1.754242] systemd[1]: Finished Load Kernel Module loop.
[    1.764483] device-mapper: uevent: version 1.0.3
[    1.764608] device-mapper: ioctl: 4.45.0-ioctl (2021-03-22) initialised: dm-devel@redhat.com
[    1.765418] systemd[1]: modprobe@dm_mod.service: Deactivated successfully.
[    1.765677] systemd[1]: Finished Load Kernel Module dm_mod.
[    1.765899] fuse: init (API version 7.34)
[    1.766010] systemd[1]: Repartition Root Disk was skipped because no trigger condition checks were met.
[    1.766655] systemd[1]: modprobe@fuse.service: Deactivated successfully.
[    1.766853] systemd[1]: Finished Load Kernel Module fuse.
[    1.768348] systemd[1]: Mounting FUSE Control File System...
[    1.770664] systemd[1]: Mounted FUSE Control File System.
[    1.782511] systemd[1]: Finished Create Static Device Nodes in /dev.
[    1.782617] systemd[1]: Entropy Daemon based on the HAVEGE algorithm was skipped because of an unmet condition check (ConditionKernelVersion=<5.6).
[    1.784323] systemd[1]: Starting Journal Service...
[    1.785398] systemd[1]: Starting Rule-based Manager for Device Events and Files...
[    1.839492] systemd[1]: Started Rule-based Manager for Device Events and Files.
[    1.839578] audit: type=1130 audit(1684954586.979:2): pid=1 uid=0 auid=4294967295 ses=4294967295 msg='unit=systemd-udevd comm="systemd" exe="/usr/lib/systemd/systemd" hostname=? addr=? terminal=? res=success'
[    1.868562] systemd[1]: Finished Monitoring of LVM2 mirrors, snapshots etc. using dmeventd or progress polling.
[    1.868796] systemd[1]: Started Journal Service.
[    1.869787] audit: type=1130 audit(1684954587.009:3): pid=1 uid=0 auid=4294967295 ses=4294967295 msg='unit=lvm2-monitor comm="systemd" exe="/usr/lib/systemd/systemd" hostname=? addr=? terminal=? res=success'
[    1.869796] audit: type=1130 audit(1684954587.009:4): pid=1 uid=0 auid=4294967295 ses=4294967295 msg='unit=systemd-journald comm="systemd" exe="/usr/lib/systemd/systemd" hostname=? addr=? terminal=? res=success'
[    1.877212] audit: type=1130 audit(1684954587.019:5): pid=1 uid=0 auid=4294967295 ses=4294967295 msg='unit=systemd-udev-trigger comm="systemd" exe="/usr/lib/systemd/systemd" hostname=? addr=? terminal=? res=success'
[    1.883650] loop0: detected capacity change from 0 to 8
[    1.885226] loop1: detected capacity change from 0 to 1820696
[    1.890686] loop2: detected capacity change from 0 to 113888
[    1.890909] usb 3-4: New USB device found, idVendor=13d3, idProduct=56a2, bcdDevice=19.02
[    1.890915] usb 3-4: New USB device strings: Mfr=3, Product=1, SerialNumber=2
[    1.890919] usb 3-4: Product: USB2.0 HD UVC WebCam
[    1.890921] usb 3-4: Manufacturer: Azurewave
[    1.890923] usb 3-4: SerialNumber: 0x0001
[    1.893938] loop3: detected capacity change from 0 to 113896
[    1.899683] loop4: detected capacity change from 0 to 2389768
[    1.903501] loop5: detected capacity change from 0 to 2389920
[    1.904154] squashfs: version 4.0 (2009/01/31) Phillip Lougher
[    1.907020] loop6: detected capacity change from 0 to 102072
[    1.916086] loop7: detected capacity change from 0 to 102072
[    1.927036] loop8: detected capacity change from 0 to 190888
[    1.957520] systemd-journald[337]: Received client request to flush runtime journal.
[    2.059286] loop9: detected capacity change from 0 to 190936
[    2.105469] acpi_cpufreq: overriding BIOS provided _PSD data
[    2.150875] input: Asus Wireless Radio Control as /devices/LNXSYSTM:00/LNXSYBUS:00/ATK4002:00/input/input5
[    2.179353] audit: type=1130 audit(1684954587.319:6): pid=1 uid=0 auid=4294967295 ses=4294967295 msg='unit=systemd-journal-flush comm="systemd" exe="/usr/lib/systemd/systemd" hostname=? addr=? terminal=? res=success'
[    2.202998] ACPI: video: Video Device [VGA] (multi-head: yes  rom: no  post: no)
[    2.222968] acpi device:11: registered as cooling_device12
[    2.232237] input: Video Bus as /devices/LNXSYSTM:00/LNXSYBUS:00/PNP0A08:00/device:10/LNXVIDEO:00/input/input6
[    2.300236] piix4_smbus 0000:00:14.0: SMBus Host Controller at 0xb00, revision 0
[    2.300242] piix4_smbus 0000:00:14.0: Using register 0x02 for SMBus port selection
[    2.317344] piix4_smbus 0000:00:14.0: Auxiliary SMBus Host Controller at 0xb20
[    2.344911] Adding 9934528k swap on /dev/nvme0n1p5.  Priority:-2 extents:1 across:9934528k SSFS
[    2.370751] ccp 0000:06:00.2: enabling device (0000 -> 0002)
[    2.372833] ccp 0000:06:00.2: ccp: unable to access the device: you might be running a broken BIOS.
[    2.376001] audit: type=1130 audit(1684954587.516:7): pid=1 uid=0 auid=4294967295 ses=4294967295 msg='unit=systemd-fsck@dev-disk-by\x2duuid-5850\x2dBCBF comm="systemd" exe="/usr/lib/systemd/systemd" hostname=? addr=? terminal=? res=success'
[    2.377984] input: GTech MI wireless mouse Mouse as /devices/pci0000:00/0000:00:08.1/0000:06:00.3/usb3/3-2/3-2:1.0/0003:2717:5001.0001/input/input7
[    2.378097] input: GTech MI wireless mouse as /devices/pci0000:00/0000:00:08.1/0000:06:00.3/usb3/3-2/3-2:1.0/0003:2717:5001.0001/input/input8
[    2.378259] input: GTech MI wireless mouse Consumer Control as /devices/pci0000:00/0000:00:08.1/0000:06:00.3/usb3/3-2/3-2:1.0/0003:2717:5001.0001/input/input9
[    2.384935] input: PC Speaker as /devices/platform/pcspkr/input/input12
[    2.390769] RAPL PMU: API unit is 2^-32 Joules, 1 fixed counters, 163840 ms ovfl timer
[    2.390775] RAPL PMU: hw unit of domain package 2^-16 Joules
[    2.391243] ccp 0000:06:00.2: tee enabled
[    2.391249] ccp 0000:06:00.2: psp enabled
[    2.400168] cryptd: max_cpu_qlen set to 1000
[    2.420613] input: ELAN1203:00 04F3:307A Mouse as /devices/platform/AMDI0010:03/i2c-0/i2c-ELAN1203:00/0018:04F3:307A.0002/input/input13
[    2.434055] input: GTech MI wireless mouse System Control as /devices/pci0000:00/0000:00:08.1/0000:06:00.3/usb3/3-2/3-2:1.0/0003:2717:5001.0001/input/input10
[    2.434233] input: ELAN1203:00 04F3:307A Touchpad as /devices/platform/AMDI0010:03/i2c-0/i2c-ELAN1203:00/0018:04F3:307A.0002/input/input14
[    2.434414] hid-generic 0018:04F3:307A.0002: input,hidraw0: I2C HID v1.00 Mouse [ELAN1203:00 04F3:307A] on i2c-ELAN1203:00
[    2.434603] hid-generic 0003:2717:5001.0001: input,hiddev96,hidraw1: USB HID v1.10 Mouse [GTech MI wireless mouse] on usb-0000:06:00.3-2/input0
[    2.434680] usbcore: registered new interface driver usbhid
[    2.434683] usbhid: USB HID core driver
[    2.482648] sp5100_tco: SP5100/SB800 TCO WatchDog Timer Driver
[    2.482777] sp5100-tco sp5100-tco: Using 0xfeb00000 for watchdog MMIO address
[    2.484345] snd_rn_pci_acp3x 0000:06:00.5: enabling device (0000 -> 0002)
[    2.503880] sp5100-tco sp5100-tco: initialized. heartbeat=60 sec (nowayout=0)
[    2.510267] AVX2 version of gcm_enc/dec engaged.
[    2.510335] AES CTR mode by8 optimization enabled
[    2.570558] xhci_hcd 0000:01:00.2: remove, state 4
[    2.570573] usb usb2: USB disconnect, device number 1
[    2.633144] xhci_hcd 0000:01:00.2: USB bus 2 deregistered
[    2.633164] xhci_hcd 0000:01:00.2: remove, state 4
[    2.633170] usb usb1: USB disconnect, device number 1
[    2.640068] r8169 0000:02:00.0 eth0: RTL8168h/8111h, f0:2f:74:9f:97:fc, XID 541, IRQ 88
[    2.640078] r8169 0000:02:00.0 eth0: jumbo features [frames: 9194 bytes, tx checksumming: ko]
[    2.641524] Bluetooth: Core ver 2.22
[    2.642127] xhci_hcd 0000:01:00.2: USB bus 1 deregistered
[    2.643784] NET: Registered PF_BLUETOOTH protocol family
[    2.643788] Bluetooth: HCI device and connection manager initialized
[    2.643815] Bluetooth: HCI socket layer initialized
[    2.643821] Bluetooth: L2CAP socket layer initialized
[    2.643828] Bluetooth: SCO socket layer initialized
[    2.658978] cfg80211: Loading compiled-in X.509 certificates for regulatory database
[    2.668737] cfg80211: Loaded X.509 cert 'sforshee: 00b28ddf47aef9cea7'
[    2.692806] pci 0000:01:00.2: Removing from iommu group 10
[    2.697209] pci 0000:01:00.3: Removing from iommu group 10
[    2.776952] snd_hda_intel 0000:01:00.1: enabling device (0000 -> 0002)
[    2.777090] snd_hda_intel 0000:01:00.1: Disabling MSI
[    2.777100] snd_hda_intel 0000:01:00.1: Handle vga_switcheroo audio client
[    2.780977] snd_hda_intel 0000:06:00.1: enabling device (0000 -> 0002)
[    2.781159] snd_hda_intel 0000:06:00.1: Handle vga_switcheroo audio client
[    2.781544] snd_hda_intel 0000:06:00.6: enabling device (0000 -> 0002)
[    2.972189] Bluetooth: hci0: RTL: examining hci_ver=0a hci_rev=000c lmp_ver=0a lmp_subver=8822
[    2.974115] kvm: Nested Virtualization enabled
[    2.974121] SVM: kvm: Nested Paging enabled
[    2.974124] SEV supported: 14 ASIDs
[    2.974170] SVM: Virtual VMLOAD VMSAVE supported
[    2.974171] SVM: Virtual GIF supported
[    2.974911] Bluetooth: hci0: RTL: rom_version status=0 version=3
[    2.974920] Bluetooth: hci0: RTL: loading rtl_bt/rtl8822cu_fw.bin
[    2.975850] Bluetooth: hci0: RTL: loading rtl_bt/rtl8822cu_config.bin
[    2.976029] Bluetooth: hci0: RTL: cfg_sz 6, total sz 35990
[    2.982617] usbcore: registered new interface driver btusb
[    2.988397] input: HD-Audio Generic HDMI/DP,pcm=3 as /devices/pci0000:00/0000:00:08.1/0000:06:00.1/sound/card1/input19
[    3.009940] MCE: In-kernel MCE decoding enabled.
[    3.011443] input: HDA NVidia HDMI/DP,pcm=3 as /devices/pci0000:00/0000:00:01.1/0000:01:00.1/sound/card0/input15
[    3.020522] random: crng init done
[    3.037111] input: HDA NVidia HDMI/DP,pcm=7 as /devices/pci0000:00/0000:00:01.1/0000:01:00.1/sound/card0/input16
[    3.049072] input: HDA NVidia HDMI/DP,pcm=8 as /devices/pci0000:00/0000:00:01.1/0000:01:00.1/sound/card0/input17
[    3.058527] input: HDA NVidia HDMI/DP,pcm=9 as /devices/pci0000:00/0000:00:01.1/0000:01:00.1/sound/card0/input18
[    3.058809] input: ELAN1203:00 04F3:307A Mouse as /devices/platform/AMDI0010:03/i2c-0/i2c-ELAN1203:00/0018:04F3:307A.0002/input/input20
[    3.058984] input: ELAN1203:00 04F3:307A Touchpad as /devices/platform/AMDI0010:03/i2c-0/i2c-ELAN1203:00/0018:04F3:307A.0002/input/input21
[    3.080083] hid-multitouch 0018:04F3:307A.0002: input,hidraw0: I2C HID v1.00 Mouse [ELAN1203:00 04F3:307A] on i2c-ELAN1203:00
[    3.088209] asus_wmi: ASUS WMI generic driver loaded
[    3.090324] audit: type=1130 audit(1684954588.229:8): pid=1 uid=0 auid=4294967295 ses=4294967295 msg='unit=systemd-random-seed comm="systemd" exe="/usr/lib/systemd/systemd" hostname=? addr=? terminal=? res=success'
[    3.099633] r8169 0000:02:00.0 enp2s0: renamed from eth0
[    3.115013] mc: Linux media interface: v0.10
[    3.117435] asus_wmi: Initialization: 0x1
[    3.117558] asus_wmi: BIOS WMI version: 8.1
[    3.117672] asus_wmi: SFUN value: 0x4a0061
[    3.117677] asus-nb-wmi asus-nb-wmi: Detected ATK, not ASUSWMI, use DSTS
[    3.117681] asus-nb-wmi asus-nb-wmi: Detected ATK, enable event queue
[    3.123163] asus-nb-wmi asus-nb-wmi: Using throttle_thermal_policy for platform_profile support
[    3.131654] mousedev: PS/2 mouse device common for all mice
[    3.136327] input: Asus WMI hotkeys as /devices/platform/asus-nb-wmi/input/input22
[    3.138176] snd_hda_codec_realtek hdaudioC2D0: autoconfig for ALC256: line_outs=1 (0x14/0x0/0x0/0x0/0x0) type:speaker
[    3.138185] snd_hda_codec_realtek hdaudioC2D0:    speaker_outs=0 (0x0/0x0/0x0/0x0/0x0)
[    3.138189] snd_hda_codec_realtek hdaudioC2D0:    hp_outs=1 (0x21/0x0/0x0/0x0/0x0)
[    3.138192] snd_hda_codec_realtek hdaudioC2D0:    mono: mono_out=0x0
[    3.138193] snd_hda_codec_realtek hdaudioC2D0:    inputs:
[    3.138195] snd_hda_codec_realtek hdaudioC2D0:      Headset Mic=0x19
[    3.138197] snd_hda_codec_realtek hdaudioC2D0:      Internal Mic=0x12
[    3.145193] rtw_8822ce 0000:03:00.0: enabling device (0000 -> 0003)
[    3.145658] rtw_8822ce 0000:03:00.0: Firmware version 9.9.4, H2C version 15
[    3.145844] rtw_8822ce 0000:03:00.0: Firmware version 9.9.14, H2C version 15
[    3.158119] intel_rapl_common: Found RAPL domain package
[    3.158125] intel_rapl_common: Found RAPL domain core
[    3.167541] ACPI: battery: new extension: ASUS Battery Extension
[    3.178047] videodev: Linux video capture interface: v2.00
[    3.184282] input: HD-Audio Generic Headphone as /devices/pci0000:00/0000:00:08.1/0000:06:00.6/sound/card2/input23
[    3.187895] audit: type=1130 audit(1684954588.329:9): pid=1 uid=0 auid=4294967295 ses=4294967295 msg='unit=modprobe@dm_mod comm="systemd" exe="/usr/lib/systemd/systemd" hostname=? addr=? terminal=? res=success'
[    3.187932] audit: type=1131 audit(1684954588.329:10): pid=1 uid=0 auid=4294967295 ses=4294967295 msg='unit=modprobe@dm_mod comm="systemd" exe="/usr/lib/systemd/systemd" hostname=? addr=? terminal=? res=success'
[    3.192264] rtw_8822ce 0000:03:00.0 wlp3s0: renamed from wlan0
[    3.290138] Bluetooth: hci0: RTL: fw version 0x0cc6d2e3
[    3.315579] [drm] amdgpu kernel modesetting enabled.
[    3.315603] vga_switcheroo: detected switching method \_SB_.PCI0.GP17.VGA_.ATPX handle
[    3.316083] ATPX version 1, functions 0x00000201
[    3.316139] ATPX Hybrid Graphics
[    3.319445] amdgpu: Virtual CRAT table created for CPU
[    3.319457] amdgpu: Topology: Add CPU node
[    3.319548] checking generic (d0000000 7f0000) vs hw (d0000000 10000000)
[    3.319628] amdgpu 0000:06:00.0: enabling device (0006 -> 0007)
[    3.319691] [drm] initializing kernel modesetting (RENOIR 0x1002:0x1636 0x1043:0x16CF 0xC7).
[    3.319698] amdgpu 0000:06:00.0: amdgpu: Trusted Memory Zone (TMZ) feature enabled
[    3.319798] [drm] register mmio base: 0xFC500000
[    3.319800] [drm] register mmio size: 524288
[    3.319803] [drm] PCIE atomic ops is not supported
[    3.320891] [drm] add ip block number 0 <soc15_common>
[    3.320893] [drm] add ip block number 1 <gmc_v9_0>
[    3.320894] [drm] add ip block number 2 <vega10_ih>
[    3.320896] [drm] add ip block number 3 <psp>
[    3.320897] [drm] add ip block number 4 <smu>
[    3.320898] [drm] add ip block number 5 <gfx_v9_0>
[    3.320900] [drm] add ip block number 6 <sdma_v4_0>
[    3.320901] [drm] add ip block number 7 <dm>
[    3.320902] [drm] add ip block number 8 <vcn_v2_0>
[    3.320903] [drm] add ip block number 9 <jpeg_v2_0>
[    3.320925] amdgpu 0000:06:00.0: amdgpu: Fetched VBIOS from VFCT
[    3.320928] amdgpu: ATOM BIOS: 113-RENOIR-025
[    3.322530] [drm] VCN decode is enabled in VM mode
[    3.322532] [drm] VCN encode is enabled in VM mode
[    3.322532] [drm] JPEG decode is enabled in VM mode
[    3.322623] Console: switching to colour dummy device 80x25
[    3.322669] amdgpu 0000:06:00.0: vgaarb: deactivate vga console
[    3.322701] [drm] vm size is 262144 GB, 4 levels, block size is 9-bit, fragment size is 9-bit
[    3.322709] amdgpu 0000:06:00.0: amdgpu: VRAM: 512M 0x000000F400000000 - 0x000000F41FFFFFFF (512M used)
[    3.322712] amdgpu 0000:06:00.0: amdgpu: GART: 1024M 0x0000000000000000 - 0x000000003FFFFFFF
[    3.322715] amdgpu 0000:06:00.0: amdgpu: AGP: 267419648M 0x000000F800000000 - 0x0000FFFFFFFFFFFF
[    3.322724] [drm] Detected VRAM RAM=512M, BAR=512M
[    3.322726] [drm] RAM width 64bits DDR4
[    3.322791] [drm] amdgpu: 512M of VRAM memory ready
[    3.322794] [drm] amdgpu: 3072M of GTT memory ready.
[    3.322801] [drm] GART: num cpu pages 262144, num gpu pages 262144
[    3.322933] [drm] PCIE GART of 1024M enabled.
[    3.322935] [drm] PTB located at 0x000000F400900000
[    3.324155] amdgpu 0000:06:00.0: amdgpu: PSP runtime database doesn't exist
[    3.326429] usb 3-4: Found UVC 1.00 device USB2.0 HD UVC WebCam (13d3:56a2)
[    3.328832] [drm] Loading DMUB firmware via PSP: version=0x01010026
[    3.329788] [drm] Found VCN firmware Version ENC: 1.19 DEC: 5 VEP: 0 Revision: 0
[    3.329802] amdgpu 0000:06:00.0: amdgpu: Will use PSP to load VCN firmware
[    3.333882] input: USB2.0 HD UVC WebCam: USB2.0 HD as /devices/pci0000:00/0000:00:08.1/0000:06:00.3/usb3/3-4/3-4:1.0/input/input24
[    3.333979] usbcore: registered new interface driver uvcvideo
[    3.646386] nvidia: loading out-of-tree module taints kernel.
[    3.646403] nvidia: module license 'NVIDIA' taints kernel.
[    3.646404] Disabling lock debugging due to kernel taint
[    3.677223] nvidia: module verification failed: signature and/or required key missing - tainting kernel
[    3.704508] nvidia-nvlink: Nvlink Core is being initialized, major device number 509

[    3.705930] nvidia 0000:01:00.0: enabling device (0000 -> 0003)
[    3.706052] nvidia 0000:01:00.0: vgaarb: changed VGA decodes: olddecodes=io+mem,decodes=none:owns=none
[    3.756427] NVRM: loading NVIDIA UNIX x86_64 Kernel Module  530.41.03  Thu Mar 16 19:48:20 UTC 2023
[    3.826132] nvidia-modeset: Loading NVIDIA Kernel Mode Setting Driver for UNIX platforms  530.41.03  Thu Mar 16 19:23:04 UTC 2023
[    3.914817] [drm] [nvidia-drm] [GPU ID 0x00000100] Loading driver
[    3.914821] [drm] Initialized nvidia-drm 0.0.0 20160202 for 0000:01:00.0 on minor 1
[    3.998923] [drm] reserve 0x400000 from 0xf41f800000 for PSP TMR
[    4.080723] amdgpu 0000:06:00.0: amdgpu: RAS: optional ras ta ucode is not available
[    4.088962] amdgpu 0000:06:00.0: amdgpu: RAP: optional rap ta ucode is not available
[    4.088966] amdgpu 0000:06:00.0: amdgpu: SECUREDISPLAY: securedisplay ta ucode is not available
[    4.089751] amdgpu 0000:06:00.0: amdgpu: SMU is initialized successfully!
[    4.091079] [drm] kiq ring mec 2 pipe 1 q 0
[    4.091797] [drm] Display Core initialized with v3.2.149!
[    4.092230] [drm] DMUB hardware initialized: version=0x01010026
[    4.101026] snd_hda_intel 0000:06:00.1: bound 0000:06:00.0 (ops amdgpu_dm_audio_component_bind_ops [amdgpu])
[    4.188998] [drm] VCN decode and encode initialized successfully(under DPG Mode).
[    4.189017] [drm] JPEG decode initialized successfully.
[    4.191465] kfd kfd: amdgpu: Allocated 3969056 bytes on gart
[    4.216724] memmap_init_zone_device initialised 131072 pages in 0ms
[    4.216738] amdgpu: HMM registered 512MB device memory
[    4.216785] amdgpu: SRAT table not found
[    4.216787] amdgpu: Virtual CRAT table created for GPU
[    4.216891] amdgpu: Topology: Add dGPU node [0x1636:0x1002]
[    4.216897] kfd kfd: amdgpu: added device 1002:1636
[    4.216935] amdgpu 0000:06:00.0: amdgpu: SE 1, SH per SE 1, CU per SH 8, active_cu_number 6
[    4.219898] [drm] fb mappable at 0x230CD3000
[    4.219903] [drm] vram apper at 0x230000000
[    4.219905] [drm] size 8294400
[    4.219906] [drm] fb depth is 24
[    4.219908] [drm]    pitch is 7680
[    4.220009] fbcon: amdgpudrmfb (fb0) is primary device
[    4.246315] Console: switching to colour frame buffer device 240x67
[    4.261072] amdgpu 0000:06:00.0: [drm] fb0: amdgpudrmfb frame buffer device
[    4.294213] amdgpu 0000:06:00.0: amdgpu: ring gfx uses VM inv eng 0 on hub 0
[    4.294222] amdgpu 0000:06:00.0: amdgpu: ring comp_1.0.0 uses VM inv eng 1 on hub 0
[    4.294225] amdgpu 0000:06:00.0: amdgpu: ring comp_1.1.0 uses VM inv eng 4 on hub 0
[    4.294228] amdgpu 0000:06:00.0: amdgpu: ring comp_1.2.0 uses VM inv eng 5 on hub 0
[    4.294231] amdgpu 0000:06:00.0: amdgpu: ring comp_1.3.0 uses VM inv eng 6 on hub 0
[    4.294233] amdgpu 0000:06:00.0: amdgpu: ring comp_1.0.1 uses VM inv eng 7 on hub 0
[    4.294236] amdgpu 0000:06:00.0: amdgpu: ring comp_1.1.1 uses VM inv eng 8 on hub 0
[    4.294238] amdgpu 0000:06:00.0: amdgpu: ring comp_1.2.1 uses VM inv eng 9 on hub 0
[    4.294241] amdgpu 0000:06:00.0: amdgpu: ring comp_1.3.1 uses VM inv eng 10 on hub 0
[    4.294244] amdgpu 0000:06:00.0: amdgpu: ring kiq_2.1.0 uses VM inv eng 11 on hub 0
[    4.294248] amdgpu 0000:06:00.0: amdgpu: ring sdma0 uses VM inv eng 0 on hub 1
[    4.294250] amdgpu 0000:06:00.0: amdgpu: ring vcn_dec uses VM inv eng 1 on hub 1
[    4.294253] amdgpu 0000:06:00.0: amdgpu: ring vcn_enc0 uses VM inv eng 4 on hub 1
[    4.294256] amdgpu 0000:06:00.0: amdgpu: ring vcn_enc1 uses VM inv eng 5 on hub 1
[    4.294258] amdgpu 0000:06:00.0: amdgpu: ring jpeg_dec uses VM inv eng 6 on hub 1
[    4.296467] [drm] Initialized amdgpu 3.42.0 20150101 for 0000:06:00.0 on minor 0
[    4.841663] nvidia_uvm: module uses symbols from proprietary module nvidia, inheriting taint.
[    4.860239] nvidia-uvm: Loaded the UVM driver, major device number 507.
[    4.956883] Bluetooth: BNEP (Ethernet Emulation) ver 1.3
[    4.956888] Bluetooth: BNEP filters: protocol multicast
[    4.956893] Bluetooth: BNEP socket layer initialized
[    4.970959] NET: Registered PF_ALG protocol family
[    5.016812] NET: Registered PF_QIPCRTR protocol family
[    5.090528] Generic FE-GE Realtek PHY r8169-0-200:00: attached PHY driver (mii_bus:phy_addr=r8169-0-200:00, irq=MAC)
[    5.294135] r8169 0000:02:00.0 enp2s0: Link is Down
[    5.977884] ACPI Warning: \_SB.PCI0.GPP0.PEGP._DSM: Argument #4 type mismatch - Found [Buffer], ACPI requires [Package] (20210730/nsarguments-61)
[    6.217208] rtw_8822ce 0000:03:00.0: start vif 20:4e:f6:c2:08:57 on port 0
[    6.218304] rtw_8822ce 0000:03:00.0: stop vif 20:4e:f6:c2:08:57 on port 0
[    6.440146] rtw_8822ce 0000:03:00.0: start vif de:c5:93:7f:7f:46 on port 0
[    6.461888] kauditd_printk_skb: 34 callbacks suppressed
[    6.461896] audit: type=1130 audit(1684954591.602:45): pid=1 uid=0 auid=4294967295 ses=4294967295 msg='unit=wpa_supplicant comm="systemd" exe="/usr/lib/systemd/systemd" hostname=? addr=? terminal=? res=success'
[    8.009812] audit: type=1100 audit(1684954593.149:46): pid=692 uid=0 auid=4294967295 ses=4294967295 msg='op=PAM:authentication grantors=pam_permit acct="sddm" exe="/usr/lib/sddm/sddm-helper" hostname=? addr=? terminal=? res=success'
[    8.009825] audit: type=1101 audit(1684954593.149:47): pid=692 uid=0 auid=4294967295 ses=4294967295 msg='op=PAM:accounting grantors=pam_permit acct="sddm" exe="/usr/lib/sddm/sddm-helper" hostname=? addr=? terminal=? res=success'
[    8.010797] audit: type=1103 audit(1684954593.152:48): pid=692 uid=0 auid=4294967295 ses=4294967295 msg='op=PAM:setcred grantors=pam_permit acct="sddm" exe="/usr/lib/sddm/sddm-helper" hostname=? addr=? terminal=? res=success'
[    8.038261] audit: type=1130 audit(1684954593.179:49): pid=1 uid=0 auid=4294967295 ses=4294967295 msg='unit=user-runtime-dir@964 comm="systemd" exe="/usr/lib/systemd/systemd" hostname=? addr=? terminal=? res=success'
[    8.049714] audit: type=1101 audit(1684954593.189:50): pid=694 uid=0 auid=4294967295 ses=4294967295 msg='op=PAM:accounting grantors=pam_access,pam_unix,pam_permit,pam_time acct="sddm" exe="/usr/lib/systemd/systemd" hostname=? addr=? terminal=? res=success'
[    8.049759] audit: type=1103 audit(1684954593.189:51): pid=694 uid=0 auid=4294967295 ses=4294967295 msg='op=PAM:setcred grantors=? acct="sddm" exe="/usr/lib/systemd/systemd" hostname=? addr=? terminal=? res=failed'
[    8.049852] audit: type=1006 audit(1684954593.189:52): pid=694 uid=0 old-auid=4294967295 auid=964 tty=(none) old-ses=4294967295 ses=1 res=1
[    8.049866] audit: type=1300 audit(1684954593.189:52): arch=c000003e syscall=1 success=yes exit=3 a0=9 a1=7ffe7e226e60 a2=3 a3=0 items=0 ppid=1 pid=694 auid=964 uid=0 gid=0 euid=0 suid=0 fsuid=0 egid=0 sgid=0 fsgid=0 tty=(none) ses=1 comm="(systemd)" exe="/usr/lib/systemd/systemd" key=(null)
[    8.049873] audit: type=1327 audit(1684954593.189:52): proctitle="(systemd)"
[   13.819576] kauditd_printk_skb: 32 callbacks suppressed
[   13.819583] audit: type=1100 audit(1684954598.959:73): pid=742 uid=0 auid=4294967295 ses=4294967295 msg='op=PAM:authentication grantors=pam_shells,pam_faillock,pam_permit,pam_faillock acct="django" exe="/usr/lib/sddm/sddm-helper" hostname=? addr=? terminal=? res=success'
[   13.819920] audit: type=1101 audit(1684954598.959:74): pid=742 uid=0 auid=4294967295 ses=4294967295 msg='op=PAM:accounting grantors=pam_access,pam_unix,pam_permit,pam_time acct="django" exe="/usr/lib/sddm/sddm-helper" hostname=? addr=? terminal=? res=success'
[   13.820494] audit: type=1103 audit(1684954598.959:75): pid=742 uid=0 auid=4294967295 ses=4294967295 msg='op=PAM:setcred grantors=pam_shells,pam_faillock,pam_permit,pam_faillock acct="django" exe="/usr/lib/sddm/sddm-helper" hostname=? addr=? terminal=? res=success'
[   13.820659] audit: type=1006 audit(1684954598.962:76): pid=742 uid=0 old-auid=4294967295 auid=1000 tty=(none) old-ses=4294967295 ses=2 res=1
[   13.820668] audit: type=1300 audit(1684954598.962:76): arch=c000003e syscall=1 success=yes exit=4 a0=8 a1=7ffe47a85b70 a2=4 a3=0 items=0 ppid=654 pid=742 auid=1000 uid=0 gid=0 euid=0 suid=0 fsuid=0 egid=0 sgid=0 fsgid=0 tty=(none) ses=2 comm="sddm-helper" exe="/usr/lib/sddm/sddm-helper" key=(null)
[   13.820683] audit: type=1327 audit(1684954598.962:76): proctitle=2F7573722F6C69622F7364646D2F7364646D2D68656C706572002D2D736F636B6574002F746D702F7364646D2D6175746836396133613731612D633339342D346532352D613661362D636234653832306661653161002D2D69640031002D2D7374617274002F7573722F62696E2F7374617274706C61736D612D783131002D2D
[   13.842334] audit: type=1130 audit(1684954598.982:77): pid=1 uid=0 auid=4294967295 ses=4294967295 msg='unit=user-runtime-dir@1000 comm="systemd" exe="/usr/lib/systemd/systemd" hostname=? addr=? terminal=? res=success'
[   13.850933] audit: type=1101 audit(1684954598.992:78): pid=744 uid=0 auid=4294967295 ses=4294967295 msg='op=PAM:accounting grantors=pam_access,pam_unix,pam_permit,pam_time acct="django" exe="/usr/lib/systemd/systemd" hostname=? addr=? terminal=? res=success'
[   13.850946] audit: type=1103 audit(1684954598.992:79): pid=744 uid=0 auid=4294967295 ses=4294967295 msg='op=PAM:setcred grantors=? acct="django" exe="/usr/lib/systemd/systemd" hostname=? addr=? terminal=? res=failed'
[   13.851018] audit: type=1006 audit(1684954598.992:80): pid=744 uid=0 old-auid=4294967295 auid=1000 tty=(none) old-ses=4294967295 ses=3 res=1
[   15.061972] rtw_8822ce 0000:03:00.0: stop vif de:c5:93:7f:7f:46 on port 0
[   15.286820] rtw_8822ce 0000:03:00.0: start vif 20:4e:f6:c2:08:57 on port 0
[   15.334980] wlp3s0: authenticate with 00:2e:c7:c0:0a:f4
[   15.795417] wlp3s0: send auth to 00:2e:c7:c0:0a:f4 (try 1/3)
[   15.798773] wlp3s0: authenticated
[   15.803857] wlp3s0: associate with 00:2e:c7:c0:0a:f4 (try 1/3)
[   15.810462] wlp3s0: RX AssocResp from 00:2e:c7:c0:0a:f4 (capab=0x1411 status=0 aid=9)
[   15.810493] rtw_8822ce 0000:03:00.0: sta 00:2e:c7:c0:0a:f4 joined with macid 0
[   15.810776] wlp3s0: associated
[   15.877580] wlp3s0: Limiting TX power to 30 (30 - 0) dBm as advertised by 00:2e:c7:c0:0a:f4
[   15.904071] IPv6: ADDRCONF(NETDEV_CHANGE): wlp3s0: link becomes ready
[   16.247602] Bluetooth: RFCOMM TTY layer initialized
[   16.247614] Bluetooth: RFCOMM socket layer initialized
[   16.247618] Bluetooth: RFCOMM ver 1.11
[   20.443872] usb 3-4: USB disconnect, device number 3
[   24.183766] kauditd_printk_skb: 37 callbacks suppressed
[   24.183773] audit: type=1131 audit(1684954609.322:102): pid=1 uid=0 auid=4294967295 ses=4294967295 msg='unit=user@964 comm="systemd" exe="/usr/lib/systemd/systemd" hostname=? addr=? terminal=? res=success'
[   24.195462] audit: type=1131 audit(1684954609.336:103): pid=1 uid=0 auid=4294967295 ses=4294967295 msg='unit=user-runtime-dir@964 comm="systemd" exe="/usr/lib/systemd/systemd" hostname=? addr=? terminal=? res=success'
[   24.223872] usb 3-4: new high-speed USB device number 4 using xhci_hcd
[   24.388918] usb 3-4: New USB device found, idVendor=13d3, idProduct=56a2, bcdDevice=19.02
[   24.388931] usb 3-4: New USB device strings: Mfr=3, Product=1, SerialNumber=2
[   24.388936] usb 3-4: Product: USB2.0 HD UVC WebCam
[   24.388939] usb 3-4: Manufacturer: Azurewave
[   24.388942] usb 3-4: SerialNumber: 0x0001
[   24.400008] usb 3-4: Found UVC 1.00 device USB2.0 HD UVC WebCam (13d3:56a2)
[   24.408155] input: USB2.0 HD UVC WebCam: USB2.0 HD as /devices/pci0000:00/0000:00:08.1/0000:06:00.3/usb3/3-4/3-4:1.0/input/input25
[   25.961812] audit: type=1131 audit(1684954611.102:104): pid=1 uid=0 auid=4294967295 ses=4294967295 msg='unit=NetworkManager-dispatcher comm="systemd" exe="/usr/lib/systemd/systemd" hostname=? addr=? terminal=? res=success'
[   35.062588] audit: type=1131 audit(1684954620.202:105): pid=1 uid=0 auid=4294967295 ses=4294967295 msg='unit=systemd-hostnamed comm="systemd" exe="/usr/lib/systemd/systemd" hostname=? addr=? terminal=? res=success'
[   35.173976] audit: type=1334 audit(1684954620.316:106): prog-id=26 op=UNLOAD
[   35.173989] audit: type=1334 audit(1684954620.316:107): prog-id=25 op=UNLOAD
[   35.173994] audit: type=1334 audit(1684954620.316:108): prog-id=24 op=UNLOAD
[   35.898852] audit: type=1101 audit(1684954621.039:109): pid=1363 uid=0 auid=4294967295 ses=4294967295 msg='op=PAM:accounting grantors=pam_access,pam_unix,pam_time acct="django" exe="/usr/bin/crond" hostname=? addr=? terminal=cron res=success'
[   35.898865] audit: type=1101 audit(1684954621.039:110): pid=1365 uid=0 auid=4294967295 ses=4294967295 msg='op=PAM:accounting grantors=pam_access,pam_unix,pam_time acct="root" exe="/usr/bin/crond" hostname=? addr=? terminal=cron res=success'
[   35.898890] audit: type=1103 audit(1684954621.039:111): pid=1365 uid=0 auid=4294967295 ses=4294967295 msg='op=PAM:setcred grantors=pam_unix,pam_env acct="root" exe="/usr/bin/crond" hostname=? addr=? terminal=cron res=success'
[   35.898895] audit: type=1103 audit(1684954621.039:112): pid=1363 uid=0 auid=4294967295 ses=4294967295 msg='op=PAM:setcred grantors=pam_unix,pam_env acct="django" exe="/usr/bin/crond" hostname=? addr=? terminal=cron res=success'
[   35.898911] audit: type=1101 audit(1684954621.039:113): pid=1364 uid=0 auid=4294967295 ses=4294967295 msg='op=PAM:accounting grantors=pam_access,pam_unix,pam_time acct="root" exe="/usr/bin/crond" hostname=? addr=? terminal=cron res=success'
[   35.898930] audit: type=1006 audit(1684954621.039:114): pid=1363 uid=0 old-auid=4294967295 auid=1000 tty=(none) old-ses=4294967295 ses=5 res=1
[   35.906158] rabota: version magic '5.15.106-1-MANJARO SMP preempt mod_unload ' should be '5.15.108-1-MANJARO SMP preempt mod_unload '
[   62.920751] ucsi_acpi USBC000:00: PPM init failed (-110)
[   95.909620] kauditd_printk_skb: 30 callbacks suppressed
[   95.909624] audit: type=1101 audit(1684954681.049:137): pid=1483 uid=0 auid=4294967295 ses=4294967295 msg='op=PAM:accounting grantors=pam_access,pam_unix,pam_time acct="django" exe="/usr/bin/crond" hostname=? addr=? terminal=cron res=success'
[   95.909630] audit: type=1103 audit(1684954681.049:138): pid=1483 uid=0 auid=4294967295 ses=4294967295 msg='op=PAM:setcred grantors=pam_unix,pam_env acct="django" exe="/usr/bin/crond" hostname=? addr=? terminal=cron res=success'
[   95.909658] audit: type=1006 audit(1684954681.049:139): pid=1483 uid=0 old-auid=4294967295 auid=1000 tty=(none) old-ses=4294967295 ses=8 res=1
[   95.909665] audit: type=1300 audit(1684954681.049:139): arch=c000003e syscall=1 success=yes exit=4 a0=3 a1=7ffc700da150 a2=4 a3=0 items=0 ppid=614 pid=1483 auid=1000 uid=0 gid=0 euid=0 suid=0 fsuid=0 egid=0 sgid=0 fsgid=0 tty=(none) ses=8 comm="crond" exe="/usr/bin/crond" key=(null)
[   95.909669] audit: type=1327 audit(1684954681.049:139): proctitle=2F7573722F62696E2F63726F6E64002D6E
[   95.909758] audit: type=1105 audit(1684954681.049:140): pid=1483 uid=0 auid=1000 ses=8 msg='op=PAM:session_open grantors=pam_loginuid,pam_limits,pam_unix acct="django" exe="/usr/bin/crond" hostname=? addr=? terminal=cron res=success'
[   95.909947] audit: type=1101 audit(1684954681.049:141): pid=1482 uid=0 auid=4294967295 ses=4294967295 msg='op=PAM:accounting grantors=pam_access,pam_unix,pam_time acct="django" exe="/usr/bin/crond" hostname=? addr=? terminal=cron res=success'
[   95.910037] audit: type=1103 audit(1684954681.049:142): pid=1482 uid=0 auid=4294967295 ses=4294967295 msg='op=PAM:setcred grantors=pam_unix,pam_env acct="django" exe="/usr/bin/crond" hostname=? addr=? terminal=cron res=success'
[   95.910094] audit: type=1101 audit(1684954681.049:143): pid=1484 uid=0 auid=4294967295 ses=4294967295 msg='op=PAM:accounting grantors=pam_access,pam_unix,pam_time acct="root" exe="/usr/bin/crond" hostname=? addr=? terminal=cron res=success'
[   95.910111] audit: type=1006 audit(1684954681.049:144): pid=1482 uid=0 old-auid=4294967295 auid=1000 tty=(none) old-ses=4294967295 ses=9 res=1
[   95.915541] rabota: version magic '5.15.106-1-MANJARO SMP preempt mod_unload ' should be '5.15.108-1-MANJARO SMP preempt mod_unload '
[  155.921224] kauditd_printk_skb: 26 callbacks suppressed
[  155.921229] audit: type=1101 audit(1684954741.062:165): pid=1788 uid=0 auid=4294967295 ses=4294967295 msg='op=PAM:accounting grantors=pam_access,pam_unix,pam_time acct="root" exe="/usr/bin/crond" hostname=? addr=? terminal=cron res=success'
[  155.921235] audit: type=1101 audit(1684954741.062:166): pid=1785 uid=0 auid=4294967295 ses=4294967295 msg='op=PAM:accounting grantors=pam_access,pam_unix,pam_time acct="django" exe="/usr/bin/crond" hostname=? addr=? terminal=cron res=success'
[  155.921239] audit: type=1103 audit(1684954741.062:167): pid=1788 uid=0 auid=4294967295 ses=4294967295 msg='op=PAM:setcred grantors=pam_unix,pam_env acct="root" exe="/usr/bin/crond" hostname=? addr=? terminal=cron res=success'
[  155.921243] audit: type=1103 audit(1684954741.062:168): pid=1785 uid=0 auid=4294967295 ses=4294967295 msg='op=PAM:setcred grantors=pam_unix,pam_env acct="django" exe="/usr/bin/crond" hostname=? addr=? terminal=cron res=success'
[  155.921263] audit: type=1006 audit(1684954741.062:169): pid=1788 uid=0 old-auid=4294967295 auid=0 tty=(none) old-ses=4294967295 ses=12 res=1
[  155.921266] audit: type=1006 audit(1684954741.062:170): pid=1785 uid=0 old-auid=4294967295 auid=1000 tty=(none) old-ses=4294967295 ses=13 res=1
[  155.921269] audit: type=1300 audit(1684954741.062:169): arch=c000003e syscall=1 success=yes exit=1 a0=3 a1=7ffc700da150 a2=1 a3=0 items=0 ppid=614 pid=1788 auid=0 uid=0 gid=0 euid=0 suid=0 fsuid=0 egid=0 sgid=0 fsgid=0 tty=(none) ses=12 comm="crond" exe="/usr/bin/crond" key=(null)
[  155.921272] audit: type=1327 audit(1684954741.062:169): proctitle=2F7573722F62696E2F63726F6E64002D6E
[  155.921277] audit: type=1300 audit(1684954741.062:170): arch=c000003e syscall=1 success=yes exit=4 a0=3 a1=7ffc700da150 a2=4 a3=0 items=0 ppid=614 pid=1785 auid=1000 uid=0 gid=0 euid=0 suid=0 fsuid=0 egid=0 sgid=0 fsgid=0 tty=(none) ses=13 comm="crond" exe="/usr/bin/crond" key=(null)
[  155.921280] audit: type=1327 audit(1684954741.062:170): proctitle=2F7573722F62696E2F63726F6E64002D6E
[  155.928105] rabota: version magic '5.15.106-1-MANJARO SMP preempt mod_unload ' should be '5.15.108-1-MANJARO SMP preempt mod_unload '
[  215.932466] kauditd_printk_skb: 26 callbacks suppressed
[  215.932471] audit: type=1101 audit(1684954801.072:193): pid=2193 uid=0 auid=4294967295 ses=4294967295 msg='op=PAM:accounting grantors=pam_access,pam_unix,pam_time acct="django" exe="/usr/bin/crond" hostname=? addr=? terminal=cron res=success'
[  215.932481] audit: type=1103 audit(1684954801.072:194): pid=2193 uid=0 auid=4294967295 ses=4294967295 msg='op=PAM:setcred grantors=pam_unix,pam_env acct="django" exe="/usr/bin/crond" hostname=? addr=? terminal=cron res=success'
[  215.932521] audit: type=1006 audit(1684954801.072:195): pid=2193 uid=0 old-auid=4294967295 auid=1000 tty=(none) old-ses=4294967295 ses=16 res=1
